Component: ARM Compiler 5.06 update 1 (build 61) Tool: armlink [4d35a8]

==============================================================================

Section Cross References

    main.o(i.assert_nrf_callback) refers to app_error.o(i.app_error_handler) for app_error_handler
    main.o(i.ble_evt_dispatch) refers to ble_conn_params.o(i.ble_conn_params_on_ble_evt) for ble_conn_params_on_ble_evt
    main.o(i.ble_evt_dispatch) refers to ble_nus.o(i.ble_nus_on_ble_evt) for ble_nus_on_ble_evt
    main.o(i.ble_evt_dispatch) refers to main.o(i.on_ble_evt) for on_ble_evt
    main.o(i.ble_evt_dispatch) refers to ble_advertising.o(i.ble_advertising_on_ble_evt) for ble_advertising_on_ble_evt
    main.o(i.ble_evt_dispatch) refers to bsp_btn_ble.o(i.bsp_btn_ble_on_ble_evt) for bsp_btn_ble_on_ble_evt
    main.o(i.ble_evt_dispatch) refers to main.o(.bss) for .bss
    main.o(i.ble_stack_init) refers to softdevice_handler.o(i.softdevice_handler_init) for softdevice_handler_init
    main.o(i.ble_stack_init) refers to app_error.o(i.app_error_handler_bare) for app_error_handler_bare
    main.o(i.ble_stack_init) refers to softdevice_handler.o(i.softdevice_enable_get_default_config) for softdevice_enable_get_default_config
    main.o(i.ble_stack_init) refers to softdevice_handler.o(i.sd_check_ram_start) for sd_check_ram_start
    main.o(i.ble_stack_init) refers to softdevice_handler.o(i.softdevice_enable) for softdevice_enable
    main.o(i.ble_stack_init) refers to softdevice_handler.o(i.softdevice_ble_evt_handler_set) for softdevice_ble_evt_handler_set
    main.o(i.ble_stack_init) refers to main.o(.bss) for .bss
    main.o(i.ble_stack_init) refers to main.o(i.ble_evt_dispatch) for ble_evt_dispatch
    main.o(i.bsp_event_handler) refers to main.o(i.sleep_mode_enter) for sleep_mode_enter
    main.o(i.bsp_event_handler) refers to app_error.o(i.app_error_handler_bare) for app_error_handler_bare
    main.o(i.bsp_event_handler) refers to ble_advertising.o(i.ble_advertising_restart_without_whitelist) for ble_advertising_restart_without_whitelist
    main.o(i.bsp_event_handler) refers to main.o(.data) for .data
    main.o(i.conn_params_error_handler) refers to app_error.o(i.app_error_handler_bare) for app_error_handler_bare
    main.o(i.main) refers to app_timer.o(i.app_timer_init) for app_timer_init
    main.o(i.main) refers to app_error.o(i.app_error_handler_bare) for app_error_handler_bare
    main.o(i.main) refers to app_uart_fifo.o(i.app_uart_init) for app_uart_init
    main.o(i.main) refers to main.o(i.ble_stack_init) for ble_stack_init
    main.o(i.main) refers to ble_nus.o(i.ble_nus_init) for ble_nus_init
    main.o(i.main) refers to memseta.o(.text) for __aeabi_memclr4
    main.o(i.main) refers to ble_advertising.o(i.ble_advertising_init) for ble_advertising_init
    main.o(i.main) refers to ble_conn_params.o(i.ble_conn_params_init) for ble_conn_params_init
    main.o(i.main) refers to nrf_drv_gpiote.o(i.nrf_drv_gpiote_init) for nrf_drv_gpiote_init
    main.o(i.main) refers to nrf_drv_gpiote.o(i.nrf_drv_gpiote_in_init) for nrf_drv_gpiote_in_init
    main.o(i.main) refers to nrf_drv_gpiote.o(i.nrf_drv_gpiote_in_event_enable) for nrf_drv_gpiote_in_event_enable
    main.o(i.main) refers to printfa.o(i.__0printf) for __2printf
    main.o(i.main) refers to ble_advertising.o(i.ble_advertising_start) for ble_advertising_start
    main.o(i.main) refers to main.o(.bss) for .bss
    main.o(i.main) refers to main.o(.constdata) for .constdata
    main.o(i.main) refers to main.o(i.uart_event_handle) for uart_event_handle
    main.o(i.main) refers to main.o(i.nus_data_handler) for nus_data_handler
    main.o(i.main) refers to main.o(.data) for .data
    main.o(i.main) refers to main.o(i.on_adv_evt) for on_adv_evt
    main.o(i.main) refers to main.o(i.on_conn_params_evt) for on_conn_params_evt
    main.o(i.main) refers to main.o(i.conn_params_error_handler) for conn_params_error_handler
    main.o(i.main) refers to main.o(i.pin_int_handler) for pin_int_handler
    main.o(i.nrf_gpio_pin_toggle) refers to main.o(i.nrf_gpio_pins_toggle) for nrf_gpio_pins_toggle
    main.o(i.nus_data_handler) refers to app_uart_fifo.o(i.app_uart_put) for app_uart_put
    main.o(i.nus_data_handler) refers to main.o(i.nrf_gpio_pin_toggle) for nrf_gpio_pin_toggle
    main.o(i.nus_data_handler) refers to main.o(i.nrf_gpio_pins_toggle) for nrf_gpio_pins_toggle
    main.o(i.nus_data_handler) refers to nrf_delay.o(i.nrf_delay_ms) for nrf_delay_ms
    main.o(i.on_adv_evt) refers to bsp.o(i.bsp_indication_set) for bsp_indication_set
    main.o(i.on_adv_evt) refers to app_error.o(i.app_error_handler_bare) for app_error_handler_bare
    main.o(i.on_adv_evt) refers to main.o(i.sleep_mode_enter) for sleep_mode_enter
    main.o(i.on_ble_evt) refers to app_error.o(i.app_error_handler_bare) for app_error_handler_bare
    main.o(i.on_ble_evt) refers to bsp.o(i.bsp_indication_set) for bsp_indication_set
    main.o(i.on_ble_evt) refers to main.o(.data) for .data
[...]
    Removing nrf_log.o(i.log_uart_write_string_many), (30 bytes).
    Removing nrf_log.o(i.log_uart_has_input), (4 bytes).

223 unused section(s) (total 18127 bytes) removed from the image.

==============================================================================

Image Symbol Table

    Local Symbols

    Symbol Name                              Value     Ov Type        Size  Object(Section)

    ../clib/microlib/division.c              0x00000000   Number         0  uldiv.o ABSOLUTE
    ../clib/microlib/division.c              0x00000000   Number         0  uidiv.o ABSOLUTE
    ../clib/microlib/init/entry.s            0x00000000   Number         0  entry8a.o ABSOLUTE
    ../clib/microlib/init/entry.s            0x00000000   Number         0  entry2.o ABSOLUTE
    ../clib/microlib/init/entry.s            0x00000000   Number         0  entry11b.o ABSOLUTE
    ../clib/microlib/init/entry.s            0x00000000   Number         0  entry7b.o ABSOLUTE
    ../clib/microlib/init/entry.s            0x00000000   Number         0  entry11a.o ABSOLUTE
    ../clib/microlib/init/entry.s            0x00000000   Number         0  entry10b.o ABSOLUTE
    ../clib/microlib/init/entry.s            0x00000000   Number         0  entry7a.o ABSOLUTE
    ../clib/microlib/init/entry.s            0x00000000   Number         0  entry10a.o ABSOLUTE
    ../clib/microlib/init/entry.s            0x00000000   Number         0  entry9b.o ABSOLUTE
    ../clib/microlib/init/entry.s            0x00000000   Number         0  entry5.o ABSOLUTE
    ../clib/microlib/init/entry.s            0x00000000   Number         0  entry9a.o ABSOLUTE
    ../clib/microlib/init/entry.s            0x00000000   Number         0  entry.o ABSOLUTE
    ../clib/microlib/init/entry.s            0x00000000   Number         0  entry8b.o ABSOLUTE
    ../clib/microlib/longlong.c              0x00000000   Number         0  llsshr.o ABSOLUTE
    ../clib/microlib/longlong.c              0x00000000   Number         0  llushr.o ABSOLUTE
    ../clib/microlib/longlong.c              0x00000000   Number         0  llshl.o ABSOLUTE
    ../clib/microlib/printf/printf.c         0x00000000   Number         0  printfa.o ABSOLUTE
    ../clib/microlib/printf/printf.c         0x00000000   Number         0  printfb.o ABSOLUTE
    ../clib/microlib/printf/printf.c         0x00000000   Number         0  printf1.o ABSOLUTE
    ../clib/microlib/printf/printf.c         0x00000000   Number         0  printf5.o ABSOLUTE
    ../clib/microlib/printf/printf.c         0x00000000   Number         0  printf8.o ABSOLUTE
    ../clib/microlib/printf/printf.c         0x00000000   Number         0  printf7.o ABSOLUTE
    ../clib/microlib/printf/printf.c         0x00000000   Number         0  printf6.o ABSOLUTE
    ../clib/microlib/printf/printf.c         0x00000000   Number         0  printf4.o ABSOLUTE
    ../clib/microlib/printf/printf.c         0x00000000   Number         0  printf3.o ABSOLUTE
    ../clib/microlib/printf/printf.c         0x00000000   Number         0  printf0.o ABSOLUTE
    ../clib/microlib/printf/printf.c         0x00000000   Number         0  printf2.o ABSOLUTE
    ../clib/microlib/printf/stubs.s          0x00000000   Number         0  stubs.o ABSOLUTE
    ../clib/microlib/string/memcpy.c         0x00000000   Number         0  memcpya.o ABSOLUTE
    ../clib/microlib/string/memcpy.c         0x00000000   Number         0  memcpyb.o ABSOLUTE
    ../clib/microlib/string/memset.c         0x00000000   Number         0  memseta.o ABSOLUTE
    ../clib/microlib/string/strcpy.c         0x00000000   Number         0  strcpy.o ABSOLUTE
    ../clib/microlib/string/strlen.c         0x00000000   Number         0  strlen.o ABSOLUTE
    ../clib/microlib/stubs.s                 0x00000000   Number         0  iusefp.o ABSOLUTE
    ../fplib/microlib/fpadd.c                0x00000000   Number         0  dadd.o ABSOLUTE
    ../fplib/microlib/fpdiv.c                0x00000000   Number         0  ddiv.o ABSOLUTE
    ../fplib/microlib/fpepilogue.c           0x00000000   Number         0  depilogue.o ABSOLUTE
    ../fplib/microlib/fpfix.c                0x00000000   Number         0  dfixul.o ABSOLUTE
    ../fplib/microlib/fpmul.c                0x00000000   Number         0  dmul.o ABSOLUTE
    ..\..\..\..\..\..\components\ble\ble_advertising\ble_advertising.c 0x00000000   Number         0  ble_advertising.o ABSOLUTE
    ..\..\..\..\..\..\components\ble\ble_services\ble_nus\ble_nus.c 0x00000000   Number         0  ble_nus.o ABSOLUTE
    ..\..\..\..\..\..\components\ble\common\ble_advdata.c 0x00000000   Number         0  ble_advdata.o ABSOLUTE
    ..\..\..\..\..\..\components\ble\common\ble_conn_params.c 0x00000000   Number         0  ble_conn_params.o ABSOLUTE
    ..\..\..\..\..\..\components\ble\common\ble_srv_common.c 0x00000000   Number         0  ble_srv_common.o ABSOLUTE
    ..\..\..\..\..\..\components\drivers_ext\segger_rtt\RTT_Syscalls_KEIL.c 0x00000000   Number         0  rtt_syscalls_keil.o ABSOLUTE
    ..\..\..\..\..\..\components\drivers_ext\segger_rtt\SEGGER_RTT.c 0x00000000   Number         0  segger_rtt.o ABSOLUTE
    ..\..\..\..\..\..\components\drivers_ext\segger_rtt\SEGGER_RTT_printf.c 0x00000000   Number         0  segger_rtt_printf.o ABSOLUTE
    ..\..\..\..\..\..\components\drivers_nrf\common\nrf_drv_common.c 0x00000000   Number         0  nrf_drv_common.o ABSOLUTE
    ..\..\..\..\..\..\components\drivers_nrf\delay\nrf_delay.c 0x00000000   Number         0  nrf_delay.o ABSOLUTE
    ..\..\..\..\..\..\components\drivers_nrf\gpiote\nrf_drv_gpiote.c 0x00000000   Number         0  nrf_drv_gpiote.o ABSOLUTE
    ..\..\..\..\..\..\components\drivers_nrf\pstorage\pstorage.c 0x00000000   Number         0  pstorage.o ABSOLUTE
    ..\..\..\..\..\..\components\drivers_nrf\uart\nrf_drv_uart.c 0x00000000   Number         0  nrf_drv_uart.o ABSOLUTE
    ..\..\..\..\..\..\components\libraries\button\app_button.c 0x00000000   Number         0  app_button.o ABSOLUTE
    ..\..\..\..\..\..\components\libraries\fifo\app_fifo.c 0x00000000   Number         0  app_fifo.o ABSOLUTE
    ..\..\..\..\..\..\components\libraries\timer\app_timer.c 0x00000000   Number         0  app_timer.o ABSOLUTE
    ..\..\..\..\..\..\components\libraries\trace\app_trace.c 0x00000000   Number         0  app_trace.o ABSOLUTE
    ..\..\..\..\..\..\components\libraries\uart\app_uart_fifo.c 0x00000000   Number         0  app_uart_fifo.o ABSOLUTE
    ..\..\..\..\..\..\components\libraries\uart\retarget.c 0x00000000   Number         0  retarget.o ABSOLUTE
    ..\..\..\..\..\..\components\libraries\util\app_error.c 0x00000000   Number         0  app_error.o ABSOLUTE
    ..\..\..\..\..\..\components\libraries\util\nrf_assert.c 0x00000000   Number         0  nrf_assert.o ABSOLUTE
    ..\..\..\..\..\..\components\libraries\util\nrf_log.c 0x00000000   Number         0  nrf_log.o ABSOLUTE
    ..\..\..\..\..\..\components\softdevice\common\softdevice_handler\softdevice_handler.c 0x00000000   Number         0  softdevice_handler.o ABSOLUTE
    ..\..\..\..\..\bsp\bsp.c                 0x00000000   Number         0  bsp.o ABSOLUTE
    ..\..\..\..\..\bsp\bsp_btn_ble.c         0x00000000   Number         0  bsp_btn_ble.o ABSOLUTE
    ..\..\..\main.c                          0x00000000   Number         0  main.o ABSOLUTE
    ..\\..\\..\\..\\..\\..\\components\\ble\\ble_advertising\\ble_advertising.c 0x00000000   Number         0  ble_advertising.o ABSOLUTE
    ..\\..\\..\\..\\..\\..\\components\\ble\\ble_services\\ble_nus\\ble_nus.c 0x00000000   Number         0  ble_nus.o ABSOLUTE
    ..\\..\\..\\..\\..\\..\\components\\ble\\common\\ble_advdata.c 0x00000000   Number         0  ble_advdata.o ABSOLUTE
    ..\\..\\..\\..\\..\\..\\components\\ble\\common\\ble_conn_params.c 0x00000000   Number         0  ble_conn_params.o ABSOLUTE
    ..\\..\\..\\..\\..\\..\\components\\ble\\common\\ble_srv_common.c 0x00000000   Number         0  ble_srv_common.o ABSOLUTE
    ..\\..\\..\\..\\..\\..\\components\\drivers_nrf\\common\\nrf_drv_common.c 0x00000000   Number         0  nrf_drv_common.o ABSOLUTE
    ..\\..\\..\\..\\..\\..\\components\\drivers_nrf\\delay\\nrf_delay.c 0x00000000   Number         0  nrf_delay.o ABSOLUTE
    ..\\..\\..\\..\\..\\..\\components\\drivers_nrf\\gpiote\\nrf_drv_gpiote.c 0x00000000   Number         0  nrf_drv_gpiote.o ABSOLUTE
    ..\\..\\..\\..\\..\\..\\components\\drivers_nrf\\pstorage\\pstorage.c 0x00000000   Number         0  pstorage.o ABSOLUTE
    ..\\..\\..\\..\\..\\..\\components\\drivers_nrf\\uart\\nrf_drv_uart.c 0x00000000   Number         0  nrf_drv_uart.o ABSOLUTE
    ..\\..\\..\\..\\..\\..\\components\\libraries\\button\\app_button.c 0x00000000   Number         0  app_button.o ABSOLUTE
    ..\\..\\..\\..\\..\\..\\components\\libraries\\fifo\\app_fifo.c 0x00000000   Number         0  app_fifo.o ABSOLUTE
    ..\\..\\..\\..\\..\\..\\components\\libraries\\timer\\app_timer.c 0x00000000   Number         0  app_timer.o ABSOLUTE
    ..\\..\\..\\..\\..\\..\\components\\libraries\\uart\\app_uart_fifo.c 0x00000000   Number         0  app_uart_fifo.o ABSOLUTE
    ..\\..\\..\\..\\..\\..\\components\\libraries\\uart\\retarget.c 0x00000000   Number         0  retarget.o ABSOLUTE
    ..\\..\\..\\..\\..\\..\\components\\libraries\\util\\app_error.c 0x00000000   Number         0  app_error.o ABSOLUTE
    ..\\..\\..\\..\\..\\..\\components\\libraries\\util\\nrf_assert.c 0x00000000   Number         0  nrf_assert.o ABSOLUTE
    ..\\..\\..\\..\\..\\..\\components\\libraries\\util\\nrf_log.c 0x00000000   Number         0  nrf_log.o ABSOLUTE
    ..\\..\\..\\..\\..\\..\\components\\softdevice\\common\\softdevice_handler\\softdevice_handler.c 0x00000000   Number         0  softdevice_handler.o ABSOLUTE
    ..\\..\\..\\..\\..\\bsp\\bsp.c           0x00000000   Number         0  bsp.o ABSOLUTE
    ..\\..\\..\\..\\..\\bsp\\bsp_btn_ble.c   0x00000000   Number         0  bsp_btn_ble.o ABSOLUTE
    ..\\..\\..\\main.c                       0x00000000   Number         0  main.o ABSOLUTE
    RTE\Device\nRF52832_xxAA\arm_startup_nrf52.s 0x00000000   Number         0  arm_startup_nrf52.o ABSOLUTE
    RTE\Device\nRF52832_xxAA\system_nrf52.c  0x00000000   Number         0  system_nrf52.o ABSOLUTE
    RTE\\Device\\nRF52832_xxAA\\system_nrf52.c 0x00000000   Number         0  system_nrf52.o ABSOLUTE
    cdrcmple.s                               0x00000000   Number         0  cdrcmple.o ABSOLUTE
    dc.s                                     0x00000000   Number         0  dc.o ABSOLUTE
    handlers.s                               0x00000000   Number         0  handlers.o ABSOLUTE
    init.s                                   0x00000000   Number         0  init.o ABSOLUTE
    RESET                                    0x0001b000   Section     1024  arm_startup_nrf52.o(RESET)
    .ARM.Collect$$$$00000000                 0x0001b400   Section        0  entry.o(.ARM.Collect$$$$00000000)
    .ARM.Collect$$$$00000001                 0x0001b400   Section        4  entry2.o(.ARM.Collect$$$$00000001)
    .ARM.Collect$$$$00000004                 0x0001b404   Section        4  entry5.o(.ARM.Collect$$$$00000004)
    .ARM.Collect$$$$00000008                 0x0001b408   Section        0  entry7b.o(.ARM.Collect$$$$00000008)
    .ARM.Collect$$$$0000000A                 0x0001b408   Section        0  entry8b.o(.ARM.Collect$$$$0000000A)
    .ARM.Collect$$$$0000000B                 0x0001b408   Section        8  entry9a.o(.ARM.Collect$$$$0000000B)
    .ARM.Collect$$$$0000000D                 0x0001b410   Section        0  entry10a.o(.ARM.Collect$$$$0000000D)
    .ARM.Collect$$$$0000000F                 0x0001b410   Section        0  entry11a.o(.ARM.Collect$$$$0000000F)
    .ARM.Collect$$$$00002712                 0x0001b410   Section        4  entry2.o(.ARM.Collect$$$$00002712)
    __lit__00000000                          0x0001b410   Data           4  entry2.o(.ARM.Collect$$$$00002712)
    .emb_text                                0x0001b414   Section      118  nrf_delay.o(.emb_text)
    $v0                                      0x0001b414   Number         0  nrf_delay.o(.emb_text)
    .emb_text                                0x0001b48c   Section      118  app_timer.o(.emb_text)
    $v0                                      0x0001b48c   Number         0  app_timer.o(.emb_text)
    .text                                    0x0001b504   Section       36  arm_startup_nrf52.o(.text)
    $v0                                      0x0001b504   Number         0  arm_startup_nrf52.o(.text)
    .text                                    0x0001b528   Section        0  memcpya.o(.text)
    .text                                    0x0001b54c   Section        0  memseta.o(.text)
    .text                                    0x0001b570   Section        0  uidiv.o(.text)
    .text                                    0x0001b59c   Section        0  uldiv.o(.text)
    .text                                    0x0001b5fe   Section        0  iusefp.o(.text)
    .text                                    0x0001b5fe   Section        0  dadd.o(.text)
    .text                                    0x0001b74c   Section        0  dmul.o(.text)
    .text                                    0x0001b830   Section        0  ddiv.o(.text)
    .text                                    0x0001b90e   Section        0  dfixul.o(.text)
    .text                                    0x0001b940   Section       48  cdrcmple.o(.text)
    .text                                    0x0001b970   Section       36  init.o(.text)
    .text                                    0x0001b994   Section        0  llshl.o(.text)
    .text                                    0x0001b9b2   Section        0  llushr.o(.text)
    .text                                    0x0001b9d2   Section        0  llsshr.o(.text)
    .text                                    0x0001b9f6   Section        0  depilogue.o(.text)
    i.GPIOTE_IRQHandler                      0x0001bab0   Section        0  nrf_drv_gpiote.o(i.GPIOTE_IRQHandler)
    i.NVIC_ClearPendingIRQ                   0x0001bbb4   Section        0  app_timer.o(i.NVIC_ClearPendingIRQ)
    NVIC_ClearPendingIRQ                     0x0001bbb5   Thumb Code    22  app_timer.o(i.NVIC_ClearPendingIRQ)
    i.NVIC_EnableIRQ                         0x0001bbca   Section        0  app_timer.o(i.NVIC_EnableIRQ)
    NVIC_EnableIRQ                           0x0001bbcb   Thumb Code    22  app_timer.o(i.NVIC_EnableIRQ)
    i.NVIC_SetPendingIRQ                     0x0001bbe0   Section        0  app_timer.o(i.NVIC_SetPendingIRQ)
    NVIC_SetPendingIRQ                       0x0001bbe1   Thumb Code    22  app_timer.o(i.NVIC_SetPendingIRQ)
    i.NVIC_SetPriority                       0x0001bbf6   Section        0  app_timer.o(i.NVIC_SetPriority)
    NVIC_SetPriority                         0x0001bbf7   Thumb Code    32  app_timer.o(i.NVIC_SetPriority)
    i.RTC1_IRQHandler                        0x0001bc18   Section        0  app_timer.o(i.RTC1_IRQHandler)
    i.SWI0_EGU0_IRQHandler                   0x0001bc3c   Section        0  app_timer.o(i.SWI0_EGU0_IRQHandler)
    i.SWI2_EGU2_IRQHandler                   0x0001bc40   Section        0  softdevice_handler.o(i.SWI2_EGU2_IRQHandler)
    i.SystemInit                             0x0001bc64   Section        0  system_nrf52.o(i.SystemInit)
    i.UARTE0_UART0_IRQHandler                0x0001bec0   Section        0  nrf_drv_uart.o(i.UARTE0_UART0_IRQHandler)
    i.__0printf                              0x0001bed4   Section        0  printfa.o(i.__0printf)
    i.__scatterload_copy                     0x0001bef4   Section       14  handlers.o(i.__scatterload_copy)
    i.__scatterload_null                     0x0001bf02   Section        2  handlers.o(i.__scatterload_null)
    i.__scatterload_zeroinit                 0x0001bf04   Section       14  handlers.o(i.__scatterload_zeroinit)
    i._fp_digits                             0x0001bf14   Section        0  printfa.o(i._fp_digits)
    _fp_digits                               0x0001bf15   Thumb Code   334  printfa.o(i._fp_digits)
    i._printf_core                           0x0001c078   Section        0  printfa.o(i._printf_core)
    _printf_core                             0x0001c079   Thumb Code  1744  printfa.o(i._printf_core)
    i._printf_post_padding                   0x0001c754   Section        0  printfa.o(i._printf_post_padding)
    _printf_post_padding                     0x0001c755   Thumb Code    36  printfa.o(i._printf_post_padding)
    i._printf_pre_padding                    0x0001c778   Section        0  printfa.o(i._printf_pre_padding)
    _printf_pre_padding                      0x0001c779   Thumb Code    46  printfa.o(i._printf_pre_padding)
    i.adv_data_encode                        0x0001c7a6   Section        0  ble_advdata.o(i.adv_data_encode)
    i.advertising_buttons_configure          0x0001c9a8   Section        0  bsp_btn_ble.o(i.advertising_buttons_configure)
    advertising_buttons_configure            0x0001c9a9   Thumb Code    54  bsp_btn_ble.o(i.advertising_buttons_configure)
    i.app_error_fault_handler                0x0001c9e0   Section        0  app_error.o(i.app_error_fault_handler)
    i.app_error_handler_bare                 0x0001ca04   Section        0  app_error.o(i.app_error_handler_bare)
    i.app_fifo_get                           0x0001ca18   Section        0  app_fifo.o(i.app_fifo_get)
    i.app_fifo_init                          0x0001ca2e   Section        0  app_fifo.o(i.app_fifo_init)
    i.app_fifo_put                           0x0001ca4e   Section        0  app_fifo.o(i.app_fifo_put)
    i.app_timer_create                       0x0001ca68   Section        0  app_timer.o(i.app_timer_create)
    i.app_timer_init                         0x0001ca8c   Section        0  app_timer.o(i.app_timer_init)
    i.app_timer_start                        0x0001cb1c   Section        0  app_timer.o(i.app_timer_start)
    i.app_timer_stop                         0x0001cb9c   Section        0  app_timer.o(i.app_timer_stop)
    i.app_uart_get                           0x0001cbec   Section        0  app_uart_fifo.o(i.app_uart_get)
    i.app_uart_init                          0x0001cc20   Section        0  app_uart_fifo.o(i.app_uart_init)
    i.app_uart_put                           0x0001ccc4   Section        0  app_uart_fifo.o(i.app_uart_put)
    i.apply_config                           0x0001ccf0   Section        0  nrf_drv_uart.o(i.apply_config)
    apply_config                             0x0001ccf1   Thumb Code   108  nrf_drv_uart.o(i.apply_config)
    i.ble_advdata_set                        0x0001cd68   Section        0  ble_advdata.o(i.ble_advdata_set)
    i.ble_advertising_init                   0x0001cdd0   Section        0  ble_advertising.o(i.ble_advertising_init)
    i.ble_advertising_on_ble_evt             0x0001ceec   Section        0  ble_advertising.o(i.ble_advertising_on_ble_evt)
    i.ble_advertising_peer_address_clear     0x0001cf6c   Section        0  ble_advertising.o(i.ble_advertising_peer_address_clear)
    ble_advertising_peer_address_clear       0x0001cf6d   Thumb Code    12  ble_advertising.o(i.ble_advertising_peer_address_clear)
    i.ble_advertising_start                  0x0001cf7c   Section        0  ble_advertising.o(i.ble_advertising_start)
    i.ble_conn_params_init                   0x0001d154   Section        0  ble_conn_params.o(i.ble_conn_params_init)
    i.ble_conn_params_on_ble_evt             0x0001d1ac   Section        0  ble_conn_params.o(i.ble_conn_params_on_ble_evt)
    i.ble_device_addr_encode                 0x0001d238   Section        0  ble_advdata.o(i.ble_device_addr_encode)
    ble_device_addr_encode                   0x0001d239   Thumb Code    94  ble_advdata.o(i.ble_device_addr_encode)
    i.ble_evt_dispatch                       0x0001d298   Section        0  main.o(i.ble_evt_dispatch)
    ble_evt_dispatch                         0x0001d299   Thumb Code    38  main.o(i.ble_evt_dispatch)
    i.ble_nus_init                           0x0001d2c4   Section        0  ble_nus.o(i.ble_nus_init)
    i.ble_nus_on_ble_evt                     0x0001d328   Section        0  ble_nus.o(i.ble_nus_on_ble_evt)
    i.ble_nus_string_send                    0x0001d37a   Section        0  ble_nus.o(i.ble_nus_string_send)
    i.ble_stack_init                         0x0001d3c8   Section        0  main.o(i.ble_stack_init)
    ble_stack_init                           0x0001d3c9   Thumb Code    80  main.o(i.ble_stack_init)
    i.bsp_btn_ble_on_ble_evt                 0x0001d424   Section        0  bsp_btn_ble.o(i.bsp_btn_ble_on_ble_evt)
    i.bsp_btn_ble_sleep_mode_prepare         0x0001d494   Section        0  bsp_btn_ble.o(i.bsp_btn_ble_sleep_mode_prepare)
    i.bsp_button_event_handler               0x0001d4a8   Section        0  bsp.o(i.bsp_button_event_handler)
    bsp_button_event_handler                 0x0001d4a9   Thumb Code   154  bsp.o(i.bsp_button_event_handler)
    i.bsp_event_to_button_action_assign      0x0001d550   Section        0  bsp.o(i.bsp_event_to_button_action_assign)
    i.bsp_indication_set                     0x0001d594   Section        0  bsp.o(i.bsp_indication_set)
    i.bsp_led_indication                     0x0001d5ac   Section        0  bsp.o(i.bsp_led_indication)
    bsp_led_indication                       0x0001d5ad   Thumb Code   536  bsp.o(i.bsp_led_indication)
    i.bsp_wakeup_buttons_set                 0x0001d7d0   Section        0  bsp.o(i.bsp_wakeup_buttons_set)
    i.channel_free                           0x0001d80c   Section        0  nrf_drv_gpiote.o(i.channel_free)
    channel_free                             0x0001d80d   Thumb Code    22  nrf_drv_gpiote.o(i.channel_free)
    i.channel_port_alloc                     0x0001d828   Section        0  nrf_drv_gpiote.o(i.channel_port_alloc)
    channel_port_alloc                       0x0001d829   Thumb Code    66  nrf_drv_gpiote.o(i.channel_port_alloc)
    i.channel_port_get                       0x0001d870   Section        0  nrf_drv_gpiote.o(i.channel_port_get)
    channel_port_get                         0x0001d871   Thumb Code    10  nrf_drv_gpiote.o(i.channel_port_get)
    i.compare_reg_update                     0x0001d880   Section        0  app_timer.o(i.compare_reg_update)
    compare_reg_update                       0x0001d881   Thumb Code   160  app_timer.o(i.compare_reg_update)
    i.conn_int_encode                        0x0001d92c   Section        0  ble_advdata.o(i.conn_int_encode)
    conn_int_encode                          0x0001d92d   Thumb Code   136  ble_advdata.o(i.conn_int_encode)
    i.conn_params_error_handler              0x0001d9b4   Section        0  main.o(i.conn_params_error_handler)
    conn_params_error_handler                0x0001d9b5   Thumb Code     4  main.o(i.conn_params_error_handler)
    i.conn_params_negotiation                0x0001d9b8   Section        0  ble_conn_params.o(i.conn_params_negotiation)
    conn_params_negotiation                  0x0001d9b9   Thumb Code    78  ble_conn_params.o(i.conn_params_negotiation)
    i.elapsed_ticks_acquire                  0x0001da14   Section        0  app_timer.o(i.elapsed_ticks_acquire)
    elapsed_ticks_acquire                    0x0001da15   Thumb Code    58  app_timer.o(i.elapsed_ticks_acquire)
    i.fifo_get                               0x0001da54   Section        0  app_fifo.o(i.fifo_get)
    fifo_get                                 0x0001da55   Thumb Code    20  app_fifo.o(i.fifo_get)
    i.fifo_put                               0x0001da68   Section        0  app_fifo.o(i.fifo_put)
    fifo_put                                 0x0001da69   Thumb Code    18  app_fifo.o(i.fifo_put)
    i.fputc                                  0x0001da7a   Section        0  retarget.o(i.fputc)
    i.intern_softdevice_events_execute       0x0001da88   Section        0  softdevice_handler.o(i.intern_softdevice_events_execute)
    i.is_conn_params_ok                      0x0001daf8   Section        0  ble_conn_params.o(i.is_conn_params_ok)
    is_conn_params_ok                        0x0001daf9   Thumb Code    24  ble_conn_params.o(i.is_conn_params_ok)
    i.le_role_encode                         0x0001db14   Section        0  ble_advdata.o(i.le_role_encode)
    le_role_encode                           0x0001db15   Thumb Code    84  ble_advdata.o(i.le_role_encode)
    i.list_deletions_handler                 0x0001db68   Section        0  app_timer.o(i.list_deletions_handler)
    list_deletions_handler                   0x0001db69   Thumb Code   178  app_timer.o(i.list_deletions_handler)
    i.list_insertions_handler                0x0001dc24   Section        0  app_timer.o(i.list_insertions_handler)
    list_insertions_handler                  0x0001dc25   Thumb Code   196  app_timer.o(i.list_insertions_handler)
    i.main                                   0x0001dcf0   Section        0  main.o(i.main)
    i.manuf_specific_data_encode             0x0001debc   Section        0  ble_advdata.o(i.manuf_specific_data_encode)
    manuf_specific_data_encode               0x0001debd   Thumb Code   100  ble_advdata.o(i.manuf_specific_data_encode)
    i.name_encode                            0x0001df20   Section        0  ble_advdata.o(i.name_encode)
    name_encode                              0x0001df21   Thumb Code   156  ble_advdata.o(i.name_encode)
    i.nrf_delay_ms                           0x0001dfbc   Section        0  nrf_delay.o(i.nrf_delay_ms)
    i.nrf_drv_common_irq_enable              0x0001dfd6   Section        0  nrf_drv_common.o(i.nrf_drv_common_irq_enable)
    i.nrf_drv_gpiote_in_event_enable         0x0001e010   Section        0  nrf_drv_gpiote.o(i.nrf_drv_gpiote_in_event_enable)
    i.nrf_drv_gpiote_in_init                 0x0001e0b4   Section        0  nrf_drv_gpiote.o(i.nrf_drv_gpiote_in_init)
    i.nrf_drv_gpiote_init                    0x0001e16c   Section        0  nrf_drv_gpiote.o(i.nrf_drv_gpiote_init)
    i.nrf_drv_uart_init                      0x0001e1c0   Section        0  nrf_drv_uart.o(i.nrf_drv_uart_init)
    i.nrf_drv_uart_rx                        0x0001e254   Section        0  nrf_drv_uart.o(i.nrf_drv_uart_rx)
    i.nrf_drv_uart_rx_enable                 0x0001e2e0   Section        0  nrf_drv_uart.o(i.nrf_drv_uart_rx_enable)
    i.nrf_drv_uart_rx_for_uart               0x0001e300   Section        0  nrf_drv_uart.o(i.nrf_drv_uart_rx_for_uart)
    nrf_drv_uart_rx_for_uart                 0x0001e301   Thumb Code   148  nrf_drv_uart.o(i.nrf_drv_uart_rx_for_uart)
    i.nrf_drv_uart_rx_for_uarte              0x0001e39c   Section        0  nrf_drv_uart.o(i.nrf_drv_uart_rx_for_uarte)
    nrf_drv_uart_rx_for_uarte                0x0001e39d   Thumb Code   136  nrf_drv_uart.o(i.nrf_drv_uart_rx_for_uarte)
    i.nrf_drv_uart_tx                        0x0001e42c   Section        0  nrf_drv_uart.o(i.nrf_drv_uart_tx)
    i.nrf_drv_uart_tx_for_uart               0x0001e4b4   Section        0  nrf_drv_uart.o(i.nrf_drv_uart_tx_for_uart)
    nrf_drv_uart_tx_for_uart                 0x0001e4b5   Thumb Code   118  nrf_drv_uart.o(i.nrf_drv_uart_tx_for_uart)
    i.nrf_gpio_cfg                           0x0001e534   Section        0  nrf_drv_gpiote.o(i.nrf_gpio_cfg)
    nrf_gpio_cfg                             0x0001e535   Thumb Code    34  nrf_drv_gpiote.o(i.nrf_gpio_cfg)
    i.nrf_gpio_cfg                           0x0001e556   Section        0  nrf_drv_uart.o(i.nrf_gpio_cfg)
    nrf_gpio_cfg                             0x0001e557   Thumb Code    34  nrf_drv_uart.o(i.nrf_gpio_cfg)
    i.nrf_gpio_cfg_input                     0x0001e578   Section        0  nrf_drv_uart.o(i.nrf_gpio_cfg_input)
    nrf_gpio_cfg_input                       0x0001e579   Thumb Code    18  nrf_drv_uart.o(i.nrf_gpio_cfg_input)
    i.nrf_gpio_cfg_output                    0x0001e58a   Section        0  nrf_drv_uart.o(i.nrf_gpio_cfg_output)
    nrf_gpio_cfg_output                      0x0001e58b   Thumb Code    20  nrf_drv_uart.o(i.nrf_gpio_cfg_output)
    i.nrf_gpio_cfg_sense_set                 0x0001e59e   Section        0  nrf_drv_gpiote.o(i.nrf_gpio_cfg_sense_set)
    nrf_gpio_cfg_sense_set                   0x0001e59f   Thumb Code    28  nrf_drv_gpiote.o(i.nrf_gpio_cfg_sense_set)
    i.nrf_gpio_pin_toggle                    0x0001e5ba   Section        0  main.o(i.nrf_gpio_pin_toggle)
    nrf_gpio_pin_toggle                      0x0001e5bb   Thumb Code    10  main.o(i.nrf_gpio_pin_toggle)
    i.nrf_gpio_pins_toggle                   0x0001e5c4   Section        0  main.o(i.nrf_gpio_pins_toggle)
    nrf_gpio_pins_toggle                     0x0001e5c5   Thumb Code    22  main.o(i.nrf_gpio_pins_toggle)
    i.nrf_gpiote_event_clear                 0x0001e5e0   Section        0  nrf_drv_gpiote.o(i.nrf_gpiote_event_clear)
    nrf_gpiote_event_clear                   0x0001e5e1   Thumb Code    16  nrf_drv_gpiote.o(i.nrf_gpiote_event_clear)
    i.nrf_gpiote_event_is_set                0x0001e5f4   Section        0  nrf_drv_gpiote.o(i.nrf_gpiote_event_is_set)
    nrf_gpiote_event_is_set                  0x0001e5f5   Thumb Code    12  nrf_drv_gpiote.o(i.nrf_gpiote_event_is_set)
    i.nrf_uart_event_check                   0x0001e604   Section        0  nrf_drv_uart.o(i.nrf_uart_event_check)
    nrf_uart_event_check                     0x0001e605   Thumb Code    10  nrf_drv_uart.o(i.nrf_uart_event_check)
    i.nrf_uart_int_enable_check              0x0001e60e   Section        0  nrf_drv_uart.o(i.nrf_uart_int_enable_check)
    nrf_uart_int_enable_check                0x0001e60f   Thumb Code    12  nrf_drv_uart.o(i.nrf_uart_int_enable_check)
    i.nrf_uarte_event_check                  0x0001e61a   Section        0  nrf_drv_uart.o(i.nrf_uarte_event_check)
    nrf_uarte_event_check                    0x0001e61b   Thumb Code    10  nrf_drv_uart.o(i.nrf_uarte_event_check)
    i.nus_data_handler                       0x0001e624   Section        0  main.o(i.nus_data_handler)
    nus_data_handler                         0x0001e625   Thumb Code   116  main.o(i.nus_data_handler)
    i.on_adv_evt                             0x0001e698   Section        0  main.o(i.on_adv_evt)
    on_adv_evt                               0x0001e699   Thumb Code    36  main.o(i.on_adv_evt)
    i.on_ble_evt                             0x0001e6bc   Section        0  main.o(i.on_ble_evt)
    on_ble_evt                               0x0001e6bd   Thumb Code    94  main.o(i.on_ble_evt)
    i.on_conn_params_evt                     0x0001e720   Section        0  main.o(i.on_conn_params_evt)
    on_conn_params_evt                       0x0001e721   Thumb Code    24  main.o(i.on_conn_params_evt)
    i.peer_address_exists                    0x0001e73c   Section        0  ble_advertising.o(i.peer_address_exists)
    peer_address_exists                      0x0001e73d   Thumb Code    20  ble_advertising.o(i.peer_address_exists)
    i.pin_in_use_by_port                     0x0001e750   Section        0  nrf_drv_gpiote.o(i.pin_in_use_by_port)
    pin_in_use_by_port                       0x0001e751   Thumb Code    20  nrf_drv_gpiote.o(i.pin_in_use_by_port)
    i.pin_in_use_by_te                       0x0001e768   Section        0  nrf_drv_gpiote.o(i.pin_in_use_by_te)
    pin_in_use_by_te                         0x0001e769   Thumb Code    20  nrf_drv_gpiote.o(i.pin_in_use_by_te)
    i.pin_int_handler                        0x0001e780   Section        0  main.o(i.pin_int_handler)
    i.pstorage_access_status_get             0x0001e7c8   Section        0  pstorage.o(i.pstorage_access_status_get)
    i.rtc1_stop                              0x0001e7ec   Section        0  app_timer.o(i.rtc1_stop)
    rtc1_stop                                0x0001e7ed   Thumb Code    52  app_timer.o(i.rtc1_stop)
    i.rx_byte                                0x0001e828   Section        0  nrf_drv_uart.o(i.rx_byte)
    rx_byte                                  0x0001e829   Thumb Code    38  nrf_drv_uart.o(i.rx_byte)
    i.rx_char_add                            0x0001e858   Section        0  ble_nus.o(i.rx_char_add)
    rx_char_add                              0x0001e859   Thumb Code   220  ble_nus.o(i.rx_char_add)
    i.rx_done_event                          0x0001e934   Section        0  nrf_drv_uart.o(i.rx_done_event)
    rx_done_event                            0x0001e935   Thumb Code    26  nrf_drv_uart.o(i.rx_done_event)
    i.rx_enable                              0x0001e954   Section        0  nrf_drv_uart.o(i.rx_enable)
    rx_enable                                0x0001e955   Thumb Code    18  nrf_drv_uart.o(i.rx_enable)
    i.sd_check_ram_start                     0x0001e96c   Section        0  softdevice_handler.o(i.sd_check_ram_start)
    i.service_data_encode                    0x0001e97c   Section        0  ble_advdata.o(i.service_data_encode)
    service_data_encode                      0x0001e97d   Thumb Code   136  ble_advdata.o(i.service_data_encode)
    i.sleep_mode_enter                       0x0001ea04   Section        0  main.o(i.sleep_mode_enter)
    sleep_mode_enter                         0x0001ea05   Thumb Code    40  main.o(i.sleep_mode_enter)
    i.softdevice_ble_evt_handler_set         0x0001ea2c   Section        0  softdevice_handler.o(i.softdevice_ble_evt_handler_set)
    i.softdevice_enable                      0x0001ea40   Section        0  softdevice_handler.o(i.softdevice_enable)
    i.softdevice_enable_get_default_config   0x0001ea54   Section        0  softdevice_handler.o(i.softdevice_enable_get_default_config)
    i.softdevice_fault_handler               0x0001ea7a   Section        0  softdevice_handler.o(i.softdevice_fault_handler)
    i.softdevice_handler_init                0x0001ea80   Section        0  softdevice_handler.o(i.softdevice_handler_init)
    i.timer_list_handler                     0x0001eab0   Section        0  app_timer.o(i.timer_list_handler)
    timer_list_handler                       0x0001eab1   Thumb Code   134  app_timer.o(i.timer_list_handler)
    i.timer_list_insert                      0x0001eb3c   Section        0  app_timer.o(i.timer_list_insert)
    timer_list_insert                        0x0001eb3d   Thumb Code    56  app_timer.o(i.timer_list_insert)
    i.timer_timeouts_check                   0x0001eb78   Section        0  app_timer.o(i.timer_timeouts_check)
    timer_timeouts_check                     0x0001eb79   Thumb Code   124  app_timer.o(i.timer_timeouts_check)
    i.tx_byte                                0x0001ebfc   Section        0  nrf_drv_uart.o(i.tx_byte)
    tx_byte                                  0x0001ebfd   Thumb Code    28  nrf_drv_uart.o(i.tx_byte)
    i.tx_char_add                            0x0001ec20   Section        0  ble_nus.o(i.tx_char_add)
    tx_char_add                              0x0001ec21   Thumb Code   160  ble_nus.o(i.tx_char_add)
    i.tx_done_event                          0x0001ecc0   Section        0  nrf_drv_uart.o(i.tx_done_event)
    tx_done_event                            0x0001ecc1   Thumb Code    30  nrf_drv_uart.o(i.tx_done_event)
    i.uart_event_handle                      0x0001ece4   Section        0  main.o(i.uart_event_handle)
    i.uart_event_handler                     0x0001ed40   Section        0  app_uart_fifo.o(i.uart_event_handler)
    uart_event_handler                       0x0001ed41   Thumb Code   160  app_uart_fifo.o(i.uart_event_handler)
    i.uart_irq_handler                       0x0001ede8   Section        0  nrf_drv_uart.o(i.uart_irq_handler)
    uart_irq_handler                         0x0001ede9   Thumb Code   254  nrf_drv_uart.o(i.uart_irq_handler)
    i.uarte_irq_handler                      0x0001eef0   Section        0  nrf_drv_uart.o(i.uarte_irq_handler)
    uarte_irq_handler                        0x0001eef1   Thumb Code   206  nrf_drv_uart.o(i.uarte_irq_handler)
    i.uint16_encode                          0x0001efc8   Section        0  ble_advdata.o(i.uint16_encode)
    uint16_encode                            0x0001efc9   Thumb Code    10  ble_advdata.o(i.uint16_encode)
    i.update_timeout_handler                 0x0001efd4   Section        0  ble_conn_params.o(i.update_timeout_handler)
    update_timeout_handler                   0x0001efd5   Thumb Code    88  ble_conn_params.o(i.update_timeout_handler)
    i.user_id_get                            0x0001f034   Section        0  app_timer.o(i.user_id_get)
    user_id_get                              0x0001f035   Thumb Code    62  app_timer.o(i.user_id_get)
    i.user_op_alloc                          0x0001f078   Section        0  app_timer.o(i.user_op_alloc)
    user_op_alloc                            0x0001f079   Thumb Code    40  app_timer.o(i.user_op_alloc)
    i.uuid_list_encode                       0x0001f0a0   Section        0  ble_advdata.o(i.uuid_list_encode)
    uuid_list_encode                         0x0001f0a1   Thumb Code    48  ble_advdata.o(i.uuid_list_encode)
    i.uuid_list_sized_encode                 0x0001f0d0   Section        0  ble_advdata.o(i.uuid_list_sized_encode)
    uuid_list_sized_encode                   0x0001f0d1   Thumb Code   158  ble_advdata.o(i.uuid_list_sized_encode)
    i.whitelist_has_entries                  0x0001f16e   Section        0  ble_advertising.o(i.whitelist_has_entries)
    whitelist_has_entries                    0x0001f16f   Thumb Code    14  ble_advertising.o(i.whitelist_has_entries)
    .constdata                               0x0001f17c   Section       16  main.o(.constdata)
    .constdata                               0x0001f18c   Section       60  bsp.o(.constdata)
    m_leds_timer_id                          0x0001f18c   Data           4  bsp.o(.constdata)
    m_alert_timer_id                         0x0001f190   Data           4  bsp.o(.constdata)
    m_button_timer_id                        0x0001f194   Data           4  bsp.o(.constdata)
    m_buttons_list                           0x0001f198   Data          16  bsp.o(.constdata)
    app_buttons                              0x0001f1a8   Data          32  bsp.o(.constdata)
    .constdata                               0x0001f1c8   Section        4  ble_conn_params.o(.constdata)
    m_conn_params_timer_id                   0x0001f1c8   Data           4  ble_conn_params.o(.constdata)
    .constdata                               0x0001f1cc   Section       16  ble_nus.o(.constdata)
    .constdata                               0x0001f1dc   Section       32  app_uart_fifo.o(.constdata)
    .constdata                               0x0001f1fc   Section       32  nrf_drv_uart.o(.constdata)
    m_default_config                         0x0001f1fc   Data          32  nrf_drv_uart.o(.constdata)
    .data                                    0x20001f00   Section        8  main.o(.data)
    index                                    0x20001f00   Data           1  main.o(.data)
    m_conn_handle                            0x20001f02   Data           2  main.o(.data)
    m_adv_uuids                              0x20001f04   Data           4  main.o(.data)
    .data                                    0x20001f08   Section       24  bsp.o(.data)
    m_stable_state                           0x20001f08   Data           1  bsp.o(.data)
    current_long_push_pin_no                 0x20001f09   Data           1  bsp.o(.data)
    m_app_ticks_per_100ms                    0x20001f0c   Data           4  bsp.o(.data)
    m_indication_type                        0x20001f10   Data           4  bsp.o(.data)
    m_alert_mask                             0x20001f14   Data           4  bsp.o(.data)
    m_registered_callback                    0x20001f18   Data           4  bsp.o(.data)
    release_event_at_push                    0x20001f1c   Data           4  bsp.o(.data)
    .data                                    0x20001f20   Section        8  bsp_btn_ble.o(.data)
    m_error_handler                          0x20001f20   Data           4  bsp_btn_ble.o(.data)
    m_num_connections                        0x20001f24   Data           4  bsp_btn_ble.o(.data)
    .data                                    0x20001f28   Section       31  ble_advertising.o(.data)
    m_advertising_start_pending              0x20001f28   Data           1  ble_advertising.o(.data)
    m_whitelist_temporarily_disabled         0x20001f29   Data           1  ble_advertising.o(.data)
    m_whitelist_reply_expected               0x20001f2a   Data           1  ble_advertising.o(.data)
    m_peer_addr_reply_expected               0x20001f2b   Data           1  ble_advertising.o(.data)
    m_adv_evt                                0x20001f2c   Data           1  ble_advertising.o(.data)
    m_adv_mode_current                       0x20001f2d   Data           1  ble_advertising.o(.data)
    m_tx_power_level                         0x20001f2e   Data           1  ble_advertising.o(.data)
    current_slave_link_conn_handle           0x20001f30   Data           2  ble_advertising.o(.data)
    m_evt_handler                            0x20001f34   Data           4  ble_advertising.o(.data)
    m_error_handler                          0x20001f38   Data           4  ble_advertising.o(.data)
    m_slave_conn_int                         0x20001f3c   Data           4  ble_advertising.o(.data)
    m_peer_address                           0x20001f40   Data           7  ble_advertising.o(.data)
    .data                                    0x20001f48   Section       20  ble_conn_params.o(.data)
    m_change_param                           0x20001f48   Data           1  ble_conn_params.o(.data)
    m_update_count                           0x20001f49   Data           1  ble_conn_params.o(.data)
    m_conn_handle                            0x20001f4a   Data           2  ble_conn_params.o(.data)
    m_preferred_conn_params                  0x20001f4c   Data           8  ble_conn_params.o(.data)
    m_current_conn_params                    0x20001f54   Data           8  ble_conn_params.o(.data)
    .data                                    0x20001f5c   Section        8  app_uart_fifo.o(.data)
    tx_buffer                                0x20001f5c   Data           1  app_uart_fifo.o(.data)
    tx_tmp                                   0x20001f5d   Data           1  app_uart_fifo.o(.data)
    rx_buffer                                0x20001f5e   Data           1  app_uart_fifo.o(.data)
    m_event_handler                          0x20001f60   Data           4  app_uart_fifo.o(.data)
    .data                                    0x20001f64   Section       36  pstorage.o(.data)
    m_state                                  0x20001f64   Data           1  pstorage.o(.data)
    m_swap_sub_state                         0x20001f65   Data           1  pstorage.o(.data)
    m_next_app_instance                      0x20001f66   Data           2  pstorage.o(.data)
    m_flags                                  0x20001f68   Data           4  pstorage.o(.data)
    m_next_page_addr                         0x20001f6c   Data           4  pstorage.o(.data)
    m_head_word_size                         0x20001f70   Data           4  pstorage.o(.data)
    m_tail_word_size                         0x20001f74   Data           4  pstorage.o(.data)
    m_current_page_id                        0x20001f78   Data           4  pstorage.o(.data)
    m_num_of_command_retries                 0x20001f7c   Data           4  pstorage.o(.data)
    m_num_of_bytes_written                   0x20001f80   Data           4  pstorage.o(.data)
    m_app_data_size                          0x20001f84   Data           4  pstorage.o(.data)
    .data                                    0x20001f88   Section       32  app_timer.o(.data)
    m_user_array_size                        0x20001f88   Data           1  app_timer.o(.data)
    m_ticks_elapsed_q_read_ind               0x20001f89   Data           1  app_timer.o(.data)
    m_ticks_elapsed_q_write_ind              0x20001f8a   Data           1  app_timer.o(.data)
    m_rtc1_running                           0x20001f8b   Data           1  app_timer.o(.data)
    m_rtc1_reset                             0x20001f8c   Data           1  app_timer.o(.data)
    mp_users                                 0x20001f90   Data           4  app_timer.o(.data)
    mp_timer_id_head                         0x20001f94   Data           4  app_timer.o(.data)
    m_ticks_latest                           0x20001f98   Data           4  app_timer.o(.data)
    m_evt_schedule_func                      0x20001f9c   Data           4  app_timer.o(.data)
    m_ticks_elapsed                          0x20001fa0   Data           8  app_timer.o(.data)
    .data                                    0x20001fa8   Section        4  retarget.o(.data)
    .data                                    0x20001fac   Section       20  softdevice_handler.o(.data)
    m_softdevice_enabled                     0x20001fac   Data           1  softdevice_handler.o(.data)
    m_ble_evt_buffer_size                    0x20001fae   Data           2  softdevice_handler.o(.data)
    m_evt_schedule_func                      0x20001fb0   Data           4  softdevice_handler.o(.data)
    mp_ble_evt_buffer                        0x20001fb4   Data           4  softdevice_handler.o(.data)
    m_ble_evt_handler                        0x20001fb8   Data           4  softdevice_handler.o(.data)
    m_sys_evt_handler                        0x20001fbc   Data           4  softdevice_handler.o(.data)
    .data                                    0x20001fc0   Section        4  system_nrf52.o(.data)
    __tagsym$$used                           0x20001fc0   Number         0  system_nrf52.o(.data)
    .bss                                     0x20001fc4   Section     1088  main.o(.bss)
    BLE_EVT_BUFFER                           0x20001fc4   Data          72  main.o(.bss)
    data_array                               0x2000200c   Data          20  main.o(.bss)
    rx_buf                                   0x20002020   Data         256  main.o(.bss)
    tx_buf                                   0x20002120   Data         256  main.o(.bss)
    APP_TIMER_BUF                            0x20002220   Data         456  main.o(.bss)
    m_nus                                    0x200023e8   Data          28  main.o(.bss)
    .bss                                     0x20002404   Section       32  bsp.o(.bss)
    m_leds_timer_id_data                     0x20002404   Data          32  bsp.o(.bss)
    .bss                                     0x20002424   Section       32  bsp.o(.bss)
    m_alert_timer_id_data                    0x20002424   Data          32  bsp.o(.bss)
    .bss                                     0x20002444   Section       12  bsp.o(.bss)
    m_events_list                            0x20002444   Data          12  bsp.o(.bss)
    .bss                                     0x20002450   Section       32  bsp.o(.bss)
    m_button_timer_id_data                   0x20002450   Data          32  bsp.o(.bss)
    .bss                                     0x20002470   Section      259  ble_advertising.o(.bss)
    m_advdata                                0x20002470   Data          56  ble_advertising.o(.bss)
    m_adv_modes_config                       0x200024a8   Data          36  ble_advertising.o(.bss)
    m_whitelist                              0x200024cc   Data          16  ble_advertising.o(.bss)
    mp_whitelist_addr                        0x200024dc   Data          32  ble_advertising.o(.bss)
    mp_whitelist_irk                         0x200024fc   Data          32  ble_advertising.o(.bss)
    m_manuf_specific_data                    0x2000251c   Data          12  ble_advertising.o(.bss)
    m_manuf_data_array                       0x20002528   Data          31  ble_advertising.o(.bss)
    m_service_data                           0x20002548   Data          12  ble_advertising.o(.bss)
    m_service_data_array                     0x20002554   Data          31  ble_advertising.o(.bss)
    .bss                                     0x20002574   Section       32  ble_conn_params.o(.bss)
    m_conn_params_timer_id_data              0x20002574   Data          32  ble_conn_params.o(.bss)
    .bss                                     0x20002594   Section       28  ble_conn_params.o(.bss)
    m_conn_params_config                     0x20002594   Data          28  ble_conn_params.o(.bss)
    .bss                                     0x200025b0   Section       32  app_uart_fifo.o(.bss)
    m_rx_fifo                                0x200025b0   Data          16  app_uart_fifo.o(.bss)
    m_tx_fifo                                0x200025c0   Data          16  app_uart_fifo.o(.bss)
    .bss                                     0x200025d0   Section       88  nrf_drv_gpiote.o(.bss)
    m_cb                                     0x200025d0   Data          88  nrf_drv_gpiote.o(.bss)
    .bss                                     0x20002628   Section       32  nrf_drv_uart.o(.bss)
    m_cb                                     0x20002628   Data          32  nrf_drv_uart.o(.bss)
    .bss                                     0x20002648   Section      216  pstorage.o(.bss)
    m_cmd_queue                              0x20002648   Data         204  pstorage.o(.bss)
    m_app_table                              0x20002714   Data          12  pstorage.o(.bss)
    STACK                                    0x20002720   Section     8192  arm_startup_nrf52.o(STACK)

    Global Symbols

    Symbol Name                              Value     Ov Type        Size  Object(Section)

    BuildAttributes$$THM_ISAv4$E$P$D$K$B$S$7EM$VFPi3$EXTD16$VFPS$VFMA$PE$A:L22UL41UL21$X:L11$S22US41US21$IEEE1$IW$USESV6$~STKCKD$USESV7$~SHL$OSPACE$ROPI$EBA8$MICROLIB$REQ8$PRES8$EABIv2 0x00000000   Number         0  anon$$obj.o ABSOLUTE
    __ARM_use_no_argv                        0x00000000   Number         0  main.o ABSOLUTE
    _printf_a                                0x00000000   Number         0  stubs.o ABSOLUTE
    _printf_c                                0x00000000   Number         0  stubs.o ABSOLUTE
    _printf_charcount                        0x00000000   Number         0  stubs.o ABSOLUTE
    _printf_d                                0x00000000   Number         0  stubs.o ABSOLUTE
    _printf_e                                0x00000000   Number         0  stubs.o ABSOLUTE
    _printf_f                                0x00000000   Number         0  stubs.o ABSOLUTE
    _printf_flags                            0x00000000   Number         0  stubs.o ABSOLUTE
    _printf_fp_dec                           0x00000000   Number         0  stubs.o ABSOLUTE
    _printf_fp_hex                           0x00000000   Number         0  stubs.o ABSOLUTE
    _printf_g                                0x00000000   Number         0  stubs.o ABSOLUTE
    _printf_i                                0x00000000   Number         0  stubs.o ABSOLUTE
    _printf_int_dec                          0x00000000   Number         0  stubs.o ABSOLUTE
    _printf_l                                0x00000000   Number         0  stubs.o ABSOLUTE
    _printf_lc                               0x00000000   Number         0  stubs.o ABSOLUTE
    _printf_ll                               0x00000000   Number         0  stubs.o ABSOLUTE
    _printf_lld                              0x00000000   Number         0  stubs.o ABSOLUTE
    _printf_lli                              0x00000000   Number         0  stubs.o ABSOLUTE
    _printf_llo                              0x00000000   Number         0  stubs.o ABSOLUTE
    _printf_llu                              0x00000000   Number         0  stubs.o ABSOLUTE
    _printf_llx                              0x00000000   Number         0  stubs.o ABSOLUTE
    _printf_longlong_dec                     0x00000000   Number         0  stubs.o ABSOLUTE
    _printf_longlong_hex                     0x00000000   Number         0  stubs.o ABSOLUTE
    _printf_longlong_oct                     0x00000000   Number         0  stubs.o ABSOLUTE
    _printf_ls                               0x00000000   Number         0  stubs.o ABSOLUTE
    _printf_mbtowc                           0x00000000   Number         0  stubs.o ABSOLUTE
    _printf_n                                0x00000000   Number         0  stubs.o ABSOLUTE
    _printf_o                                0x00000000   Number         0  stubs.o ABSOLUTE
    _printf_p                                0x00000000   Number         0  stubs.o ABSOLUTE
    _printf_percent                          0x00000000   Number         0  stubs.o ABSOLUTE
    _printf_pre_padding                      0x00000000   Number         0  stubs.o ABSOLUTE
    _printf_return_value                     0x00000000   Number         0  stubs.o ABSOLUTE
    _printf_s                                0x00000000   Number         0  stubs.o ABSOLUTE
    _printf_sizespec                         0x00000000   Number         0  stubs.o ABSOLUTE
    _printf_str                              0x00000000   Number         0  stubs.o ABSOLUTE
    _printf_truncate_signed                  0x00000000   Number         0  stubs.o ABSOLUTE
    _printf_truncate_unsigned                0x00000000   Number         0  stubs.o ABSOLUTE
    _printf_u                                0x00000000   Number         0  stubs.o ABSOLUTE
    _printf_wc                               0x00000000   Number         0  stubs.o ABSOLUTE
    _printf_wctomb                           0x00000000   Number         0  stubs.o ABSOLUTE
    _printf_widthprec                        0x00000000   Number         0  stubs.o ABSOLUTE
    _printf_x                                0x00000000   Number         0  stubs.o ABSOLUTE
    __cpp_initialize__aeabi_                  - Undefined Weak Reference
    __cxa_finalize                            - Undefined Weak Reference
    __decompress                              - Undefined Weak Reference
    _clock_init                               - Undefined Weak Reference
    _microlib_exit                            - Undefined Weak Reference
    __Vectors_Size                           0x00000400   Number         0  arm_startup_nrf52.o ABSOLUTE
    __Vectors                                0x0001b000   Data           4  arm_startup_nrf52.o(RESET)
    __Vectors_End                            0x0001b400   Data           0  arm_startup_nrf52.o(RESET)
    __main                                   0x0001b401   Thumb Code     0  entry.o(.ARM.Collect$$$$00000000)
    _main_stk                                0x0001b401   Thumb Code     0  entry2.o(.ARM.Collect$$$$00000001)
    _main_scatterload                        0x0001b405   Thumb Code     0  entry5.o(.ARM.Collect$$$$00000004)
    __main_after_scatterload                 0x0001b409   Thumb Code     0  entry5.o(.ARM.Collect$$$$00000004)
    _main_clock                              0x0001b409   Thumb Code     0  entry7b.o(.ARM.Collect$$$$00000008)
    _main_cpp_init                           0x0001b409   Thumb Code     0  entry8b.o(.ARM.Collect$$$$0000000A)
    _main_init                               0x0001b409   Thumb Code     0  entry9a.o(.ARM.Collect$$$$0000000B)
    __rt_final_cpp                           0x0001b411   Thumb Code     0  entry10a.o(.ARM.Collect$$$$0000000D)
    __rt_final_exit                          0x0001b411   Thumb Code     0  entry11a.o(.ARM.Collect$$$$0000000F)
    __asm___11_nrf_delay_c_532987f3__nrf_delay_us 0x0001b415   Thumb Code   118  nrf_delay.o(.emb_text)
    __asm___11_app_timer_c_cd27f9c3__nrf_delay_us 0x0001b48d   Thumb Code   118  app_timer.o(.emb_text)
    Reset_Handler                            0x0001b505   Thumb Code     8  arm_startup_nrf52.o(.text)
    NMI_Handler                              0x0001b50d   Thumb Code     2  arm_startup_nrf52.o(.text)
    HardFault_Handler                        0x0001b50f   Thumb Code     2  arm_startup_nrf52.o(.text)
    MemoryManagement_Handler                 0x0001b511   Thumb Code     2  arm_startup_nrf52.o(.text)
    BusFault_Handler                         0x0001b513   Thumb Code     2  arm_startup_nrf52.o(.text)
    UsageFault_Handler                       0x0001b515   Thumb Code     2  arm_startup_nrf52.o(.text)
    SVC_Handler                              0x0001b517   Thumb Code     2  arm_startup_nrf52.o(.text)
    PendSV_Handler                           0x0001b519   Thumb Code     2  arm_startup_nrf52.o(.text)
    SysTick_Handler                          0x0001b51b   Thumb Code     2  arm_startup_nrf52.o(.text)
    CCM_AAR_IRQHandler                       0x0001b51d   Thumb Code     0  arm_startup_nrf52.o(.text)
    COMP_LPCOMP_IRQHandler                   0x0001b51d   Thumb Code     0  arm_startup_nrf52.o(.text)
    ECB_IRQHandler                           0x0001b51d   Thumb Code     0  arm_startup_nrf52.o(.text)
    I2S_IRQHandler                           0x0001b51d   Thumb Code     0  arm_startup_nrf52.o(.text)
    MWU_IRQHandler                           0x0001b51d   Thumb Code     0  arm_startup_nrf52.o(.text)
    NFCT_IRQHandler                          0x0001b51d   Thumb Code     0  arm_startup_nrf52.o(.text)
    PDM_IRQHandler                           0x0001b51d   Thumb Code     0  arm_startup_nrf52.o(.text)
    POWER_CLOCK_IRQHandler                   0x0001b51d   Thumb Code     0  arm_startup_nrf52.o(.text)
    PWM0_IRQHandler                          0x0001b51d   Thumb Code     0  arm_startup_nrf52.o(.text)
    PWM1_IRQHandler                          0x0001b51d   Thumb Code     0  arm_startup_nrf52.o(.text)
    PWM2_IRQHandler                          0x0001b51d   Thumb Code     0  arm_startup_nrf52.o(.text)
    QDEC_IRQHandler                          0x0001b51d   Thumb Code     0  arm_startup_nrf52.o(.text)
    RADIO_IRQHandler                         0x0001b51d   Thumb Code     0  arm_startup_nrf52.o(.text)
    RNG_IRQHandler                           0x0001b51d   Thumb Code     0  arm_startup_nrf52.o(.text)
    RTC0_IRQHandler                          0x0001b51d   Thumb Code     0  arm_startup_nrf52.o(.text)
    RTC2_IRQHandler                          0x0001b51d   Thumb Code     0  arm_startup_nrf52.o(.text)
    SAADC_IRQHandler                         0x0001b51d   Thumb Code     0  arm_startup_nrf52.o(.text)
    SPIM0_SPIS0_TWIM0_TWIS0_SPI0_TWI0_IRQHandler 0x0001b51d   Thumb Code     0  arm_startup_nrf52.o(.text)
    SPIM1_SPIS1_TWIM1_TWIS1_SPI1_TWI1_IRQHandler 0x0001b51d   Thumb Code     0  arm_startup_nrf52.o(.text)
    SPIM2_SPIS2_SPI2_IRQHandler              0x0001b51d   Thumb Code     0  arm_startup_nrf52.o(.text)
    SWI1_EGU1_IRQHandler                     0x0001b51d   Thumb Code     0  arm_startup_nrf52.o(.text)
    SWI3_EGU3_IRQHandler                     0x0001b51d   Thumb Code     0  arm_startup_nrf52.o(.text)
    SWI4_EGU4_IRQHandler                     0x0001b51d   Thumb Code     0  arm_startup_nrf52.o(.text)
    SWI5_EGU5_IRQHandler                     0x0001b51d   Thumb Code     0  arm_startup_nrf52.o(.text)
    TEMP_IRQHandler                          0x0001b51d   Thumb Code     0  arm_startup_nrf52.o(.text)
    TIMER0_IRQHandler                        0x0001b51d   Thumb Code     0  arm_startup_nrf52.o(.text)
    TIMER1_IRQHandler                        0x0001b51d   Thumb Code     0  arm_startup_nrf52.o(.text)
    TIMER2_IRQHandler                        0x0001b51d   Thumb Code     0  arm_startup_nrf52.o(.text)
    TIMER3_IRQHandler                        0x0001b51d   Thumb Code     0  arm_startup_nrf52.o(.text)
    TIMER4_IRQHandler                        0x0001b51d   Thumb Code     0  arm_startup_nrf52.o(.text)
    WDT_IRQHandler                           0x0001b51d   Thumb Code     0  arm_startup_nrf52.o(.text)
    __aeabi_memcpy                           0x0001b529   Thumb Code    36  memcpya.o(.text)
    __aeabi_memcpy4                          0x0001b529   Thumb Code     0  memcpya.o(.text)
    __aeabi_memcpy8                          0x0001b529   Thumb Code     0  memcpya.o(.text)
    __aeabi_memset                           0x0001b54d   Thumb Code    14  memseta.o(.text)
    __aeabi_memset4                          0x0001b54d   Thumb Code     0  memseta.o(.text)
    __aeabi_memset8                          0x0001b54d   Thumb Code     0  memseta.o(.text)
    __aeabi_memclr                           0x0001b55b   Thumb Code     4  memseta.o(.text)
    __aeabi_memclr4                          0x0001b55b   Thumb Code     0  memseta.o(.text)
    __aeabi_memclr8                          0x0001b55b   Thumb Code     0  memseta.o(.text)
    _memset$wrapper                          0x0001b55f   Thumb Code    18  memseta.o(.text)
    __aeabi_uidiv                            0x0001b571   Thumb Code     0  uidiv.o(.text)
    __aeabi_uidivmod                         0x0001b571   Thumb Code    44  uidiv.o(.text)
    __aeabi_uldivmod                         0x0001b59d   Thumb Code    98  uldiv.o(.text)
    __I$use$fp                               0x0001b5ff   Thumb Code     0  iusefp.o(.text)
    __aeabi_dadd                             0x0001b5ff   Thumb Code   322  dadd.o(.text)
    __aeabi_dsub                             0x0001b741   Thumb Code     6  dadd.o(.text)
    __aeabi_drsub                            0x0001b747   Thumb Code     6  dadd.o(.text)
    __aeabi_dmul                             0x0001b74d   Thumb Code   228  dmul.o(.text)
    __aeabi_ddiv                             0x0001b831   Thumb Code   222  ddiv.o(.text)
    __aeabi_d2ulz                            0x0001b90f   Thumb Code    48  dfixul.o(.text)
    __aeabi_cdrcmple                         0x0001b941   Thumb Code    48  cdrcmple.o(.text)
    __scatterload                            0x0001b971   Thumb Code    28  init.o(.text)
    __scatterload_rt2                        0x0001b971   Thumb Code     0  init.o(.text)
    __aeabi_llsl                             0x0001b995   Thumb Code    30  llshl.o(.text)
    _ll_shift_l                              0x0001b995   Thumb Code     0  llshl.o(.text)
    __aeabi_llsr                             0x0001b9b3   Thumb Code    32  llushr.o(.text)
    _ll_ushift_r                             0x0001b9b3   Thumb Code     0  llushr.o(.text)
    __aeabi_lasr                             0x0001b9d3   Thumb Code    36  llsshr.o(.text)
    _ll_sshift_r                             0x0001b9d3   Thumb Code     0  llsshr.o(.text)
    _double_round                            0x0001b9f7   Thumb Code    30  depilogue.o(.text)
    _double_epilogue                         0x0001ba15   Thumb Code   156  depilogue.o(.text)
    GPIOTE_IRQHandler                        0x0001bab1   Thumb Code   248  nrf_drv_gpiote.o(i.GPIOTE_IRQHandler)
    RTC1_IRQHandler                          0x0001bc19   Thumb Code    32  app_timer.o(i.RTC1_IRQHandler)
    SWI0_EGU0_IRQHandler                     0x0001bc3d   Thumb Code     4  app_timer.o(i.SWI0_EGU0_IRQHandler)
    SWI2_EGU2_IRQHandler                     0x0001bc41   Thumb Code    32  softdevice_handler.o(i.SWI2_EGU2_IRQHandler)
    SystemInit                               0x0001bc65   Thumb Code   562  system_nrf52.o(i.SystemInit)
    UARTE0_UART0_IRQHandler                  0x0001bec1   Thumb Code    14  nrf_drv_uart.o(i.UARTE0_UART0_IRQHandler)
    __0printf                                0x0001bed5   Thumb Code    22  printfa.o(i.__0printf)
    __1printf                                0x0001bed5   Thumb Code     0  printfa.o(i.__0printf)
    __2printf                                0x0001bed5   Thumb Code     0  printfa.o(i.__0printf)
    __c89printf                              0x0001bed5   Thumb Code     0  printfa.o(i.__0printf)
    printf                                   0x0001bed5   Thumb Code     0  printfa.o(i.__0printf)
    __scatterload_copy                       0x0001bef5   Thumb Code    14  handlers.o(i.__scatterload_copy)
    __scatterload_null                       0x0001bf03   Thumb Code     2  handlers.o(i.__scatterload_null)
    __scatterload_zeroinit                   0x0001bf05   Thumb Code    14  handlers.o(i.__scatterload_zeroinit)
    adv_data_encode                          0x0001c7a7   Thumb Code   514  ble_advdata.o(i.adv_data_encode)
    app_error_fault_handler                  0x0001c9e1   Thumb Code    26  app_error.o(i.app_error_fault_handler)
    app_error_handler_bare                   0x0001ca05   Thumb Code    20  app_error.o(i.app_error_handler_bare)
    app_fifo_get                             0x0001ca19   Thumb Code    22  app_fifo.o(i.app_fifo_get)
    app_fifo_init                            0x0001ca2f   Thumb Code    32  app_fifo.o(i.app_fifo_init)
    app_fifo_put                             0x0001ca4f   Thumb Code    26  app_fifo.o(i.app_fifo_put)
    app_timer_create                         0x0001ca69   Thumb Code    32  app_timer.o(i.app_timer_create)
    app_timer_init                           0x0001ca8d   Thumb Code   134  app_timer.o(i.app_timer_init)
    app_timer_start                          0x0001cb1d   Thumb Code   118  app_timer.o(i.app_timer_start)
    app_timer_stop                           0x0001cb9d   Thumb Code    76  app_timer.o(i.app_timer_stop)
    app_uart_get                             0x0001cbed   Thumb Code    44  app_uart_fifo.o(i.app_uart_get)
    app_uart_init                            0x0001cc21   Thumb Code   146  app_uart_fifo.o(i.app_uart_init)
    app_uart_put                             0x0001ccc5   Thumb Code    34  app_uart_fifo.o(i.app_uart_put)
    ble_advdata_set                          0x0001cd69   Thumb Code   104  ble_advdata.o(i.ble_advdata_set)
    ble_advertising_init                     0x0001cdd1   Thumb Code   274  ble_advertising.o(i.ble_advertising_init)
    ble_advertising_on_ble_evt               0x0001ceed   Thumb Code   122  ble_advertising.o(i.ble_advertising_on_ble_evt)
    ble_advertising_start                    0x0001cf7d   Thumb Code   462  ble_advertising.o(i.ble_advertising_start)
    ble_conn_params_init                     0x0001d155   Thumb Code    72  ble_conn_params.o(i.ble_conn_params_init)
    ble_conn_params_on_ble_evt               0x0001d1ad   Thumb Code   126  ble_conn_params.o(i.ble_conn_params_on_ble_evt)
    ble_nus_init                             0x0001d2c5   Thumb Code    94  ble_nus.o(i.ble_nus_init)
    ble_nus_on_ble_evt                       0x0001d329   Thumb Code    82  ble_nus.o(i.ble_nus_on_ble_evt)
    ble_nus_string_send                      0x0001d37b   Thumb Code    78  ble_nus.o(i.ble_nus_string_send)
    bsp_btn_ble_on_ble_evt                   0x0001d425   Thumb Code   106  bsp_btn_ble.o(i.bsp_btn_ble_on_ble_evt)
    bsp_btn_ble_sleep_mode_prepare           0x0001d495   Thumb Code    18  bsp_btn_ble.o(i.bsp_btn_ble_sleep_mode_prepare)
    bsp_event_to_button_action_assign        0x0001d551   Thumb Code    64  bsp.o(i.bsp_event_to_button_action_assign)
    bsp_indication_set                       0x0001d595   Thumb Code    20  bsp.o(i.bsp_indication_set)
    bsp_wakeup_buttons_set                   0x0001d7d1   Thumb Code    54  bsp.o(i.bsp_wakeup_buttons_set)
    fputc                                    0x0001da7b   Thumb Code    14  retarget.o(i.fputc)
    intern_softdevice_events_execute         0x0001da89   Thumb Code   106  softdevice_handler.o(i.intern_softdevice_events_execute)
    main                                     0x0001dcf1   Thumb Code   378  main.o(i.main)
    nrf_delay_ms                             0x0001dfbd   Thumb Code    26  nrf_delay.o(i.nrf_delay_ms)
    nrf_drv_common_irq_enable                0x0001dfd7   Thumb Code    56  nrf_drv_common.o(i.nrf_drv_common_irq_enable)
    nrf_drv_gpiote_in_event_enable           0x0001e011   Thumb Code   150  nrf_drv_gpiote.o(i.nrf_drv_gpiote_in_event_enable)
    nrf_drv_gpiote_in_init                   0x0001e0b5   Thumb Code   170  nrf_drv_gpiote.o(i.nrf_drv_gpiote_in_init)
    nrf_drv_gpiote_init                      0x0001e16d   Thumb Code    76  nrf_drv_gpiote.o(i.nrf_drv_gpiote_init)
    nrf_drv_uart_init                        0x0001e1c1   Thumb Code   126  nrf_drv_uart.o(i.nrf_drv_uart_init)
    nrf_drv_uart_rx                          0x0001e255   Thumb Code   132  nrf_drv_uart.o(i.nrf_drv_uart_rx)
    nrf_drv_uart_rx_enable                   0x0001e2e1   Thumb Code    26  nrf_drv_uart.o(i.nrf_drv_uart_rx_enable)
    nrf_drv_uart_tx                          0x0001e42d   Thumb Code   128  nrf_drv_uart.o(i.nrf_drv_uart_tx)
    pin_int_handler                          0x0001e781   Thumb Code    50  main.o(i.pin_int_handler)
    pstorage_access_status_get               0x0001e7c9   Thumb Code    28  pstorage.o(i.pstorage_access_status_get)
    sd_check_ram_start                       0x0001e96d   Thumb Code    10  softdevice_handler.o(i.sd_check_ram_start)
    softdevice_ble_evt_handler_set           0x0001ea2d   Thumb Code    14  softdevice_handler.o(i.softdevice_ble_evt_handler_set)
    softdevice_enable                        0x0001ea41   Thumb Code    14  softdevice_handler.o(i.softdevice_enable)
    softdevice_enable_get_default_config     0x0001ea55   Thumb Code    38  softdevice_handler.o(i.softdevice_enable_get_default_config)
    softdevice_fault_handler                 0x0001ea7b   Thumb Code     4  softdevice_handler.o(i.softdevice_fault_handler)
    softdevice_handler_init                  0x0001ea81   Thumb Code    38  softdevice_handler.o(i.softdevice_handler_init)
    uart_event_handle                        0x0001ece5   Thumb Code    84  main.o(i.uart_event_handle)
    Region$$Table$$Base                      0x0001f21c   Number         0  anon$$obj.o(Region$$Table)
    Region$$Table$$Limit                     0x0001f23c   Number         0  anon$$obj.o(Region$$Table)
    Image$$RW_IRAM1$$Base                    0x20001f00   Number         0  anon$$obj.o ABSOLUTE
    __stdout                                 0x20001fa8   Data           4  retarget.o(.data)
    SystemCoreClock                          0x20001fc0   Data           4  system_nrf52.o(.data)
    __initial_sp                             0x20004720   Data           0  arm_startup_nrf52.o(STACK)



==============================================================================

Memory Map of the image

  Image Entry point : 0x0001b401

  Load Region LR_IROM1 (Base: 0x0001b000, Size: 0x00004300, Max: 0x00065000, ABSOLUTE)

    Execution Region ER_IROM1 (Base: 0x0001b000, Size: 0x0000423c, Max: 0x00065000, ABSOLUTE)

    Base Addr    Size         Type   Attr      Idx    E Section Name        Object

    0x0001b000   0x00000400   Data   RO         2330    RESET               arm_startup_nrf52.o
    0x0001b400   0x00000000   Code   RO         2371  * .ARM.Collect$$$$00000000  mc_w.l(entry.o)
    0x0001b400   0x00000004   Code   RO         2645    .ARM.Collect$$$$00000001  mc_w.l(entry2.o)
    0x0001b404   0x00000004   Code   RO         2648    .ARM.Collect$$$$00000004  mc_w.l(entry5.o)
    0x0001b408   0x00000000   Code   RO         2650    .ARM.Collect$$$$00000008  mc_w.l(entry7b.o)
    0x0001b408   0x00000000   Code   RO         2652    .ARM.Collect$$$$0000000A  mc_w.l(entry8b.o)
    0x0001b408   0x00000008   Code   RO         2653    .ARM.Collect$$$$0000000B  mc_w.l(entry9a.o)
    0x0001b410   0x00000000   Code   RO         2655    .ARM.Collect$$$$0000000D  mc_w.l(entry10a.o)
    0x0001b410   0x00000000   Code   RO         2657    .ARM.Collect$$$$0000000F  mc_w.l(entry11a.o)
    0x0001b410   0x00000004   Code   RO         2646    .ARM.Collect$$$$00002712  mc_w.l(entry2.o)
    0x0001b414   0x00000076   Code   RO          885    .emb_text           nrf_delay.o
    0x0001b48a   0x00000002   PAD
    0x0001b48c   0x00000076   Code   RO         1924    .emb_text           app_timer.o
    0x0001b502   0x00000002   PAD
    0x0001b504   0x00000024   Code   RO         2331    .text               arm_startup_nrf52.o
    0x0001b528   0x00000024   Code   RO         2374    .text               mc_w.l(memcpya.o)
    0x0001b54c   0x00000024   Code   RO         2376    .text               mc_w.l(memseta.o)
    0x0001b570   0x0000002c   Code   RO         2659    .text               mc_w.l(uidiv.o)
    0x0001b59c   0x00000062   Code   RO         2661    .text               mc_w.l(uldiv.o)
    0x0001b5fe   0x00000000   Code   RO         2663    .text               mc_w.l(iusefp.o)
    0x0001b5fe   0x0000014e   Code   RO         2664    .text               mf_w.l(dadd.o)
    0x0001b74c   0x000000e4   Code   RO         2666    .text               mf_w.l(dmul.o)
    0x0001b830   0x000000de   Code   RO         2668    .text               mf_w.l(ddiv.o)
    0x0001b90e   0x00000030   Code   RO         2670    .text               mf_w.l(dfixul.o)
    0x0001b93e   0x00000002   PAD
    0x0001b940   0x00000030   Code   RO         2672    .text               mf_w.l(cdrcmple.o)
    0x0001b970   0x00000024   Code   RO         2674    .text               mc_w.l(init.o)
    0x0001b994   0x0000001e   Code   RO         2676    .text               mc_w.l(llshl.o)
    0x0001b9b2   0x00000020   Code   RO         2678    .text               mc_w.l(llushr.o)
    0x0001b9d2   0x00000024   Code   RO         2680    .text               mc_w.l(llsshr.o)
    0x0001b9f6   0x000000ba   Code   RO         2682    .text               mf_w.l(depilogue.o)
    0x0001bab0   0x00000104   Code   RO          951    i.GPIOTE_IRQHandler  nrf_drv_gpiote.o
    0x0001bbb4   0x00000016   Code   RO         1925    i.NVIC_ClearPendingIRQ  app_timer.o
    0x0001bbca   0x00000016   Code   RO         1926    i.NVIC_EnableIRQ    app_timer.o
    0x0001bbe0   0x00000016   Code   RO         1927    i.NVIC_SetPendingIRQ  app_timer.o
    0x0001bbf6   0x00000020   Code   RO         1928    i.NVIC_SetPriority  app_timer.o
    0x0001bc16   0x00000002   PAD
    0x0001bc18   0x00000024   Code   RO         1929    i.RTC1_IRQHandler   app_timer.o
    0x0001bc3c   0x00000004   Code   RO         1930    i.SWI0_EGU0_IRQHandler  app_timer.o
    0x0001bc40   0x00000024   Code   RO         2240    i.SWI2_EGU2_IRQHandler  softdevice_handler.o
    0x0001bc64   0x0000025c   Code   RO         2339    i.SystemInit        system_nrf52.o
    0x0001bec0   0x00000014   Code   RO         1150    i.UARTE0_UART0_IRQHandler  nrf_drv_uart.o
    0x0001bed4   0x00000020   Code   RO         2617    i.__0printf         mc_w.l(printfa.o)
    0x0001bef4   0x0000000e   Code   RO         2686    i.__scatterload_copy  mc_w.l(handlers.o)
    0x0001bf02   0x00000002   Code   RO         2687    i.__scatterload_null  mc_w.l(handlers.o)
    0x0001bf04   0x0000000e   Code   RO         2688    i.__scatterload_zeroinit  mc_w.l(handlers.o)
    0x0001bf12   0x00000002   PAD
    0x0001bf14   0x00000164   Code   RO         2624    i._fp_digits        mc_w.l(printfa.o)
    0x0001c078   0x000006dc   Code   RO         2625    i._printf_core      mc_w.l(printfa.o)
    0x0001c754   0x00000024   Code   RO         2626    i._printf_post_padding  mc_w.l(printfa.o)
    0x0001c778   0x0000002e   Code   RO         2627    i._printf_pre_padding  mc_w.l(printfa.o)
    0x0001c7a6   0x00000202   Code   RO          457    i.adv_data_encode   ble_advdata.o
    0x0001c9a8   0x00000036   Code   RO          414    i.advertising_buttons_configure  bsp_btn_ble.o
    0x0001c9de   0x00000002   PAD
    0x0001c9e0   0x00000024   Code   RO         1800    i.app_error_fault_handler  app_error.o
    0x0001ca04   0x00000014   Code   RO         1802    i.app_error_handler_bare  app_error.o
    0x0001ca18   0x00000016   Code   RO         1861    i.app_fifo_get      app_fifo.o
    0x0001ca2e   0x00000020   Code   RO         1862    i.app_fifo_init     app_fifo.o
    0x0001ca4e   0x0000001a   Code   RO         1863    i.app_fifo_put      app_fifo.o
    0x0001ca68   0x00000024   Code   RO         1933    i.app_timer_create  app_timer.o
    0x0001ca8c   0x00000090   Code   RO         1934    i.app_timer_init    app_timer.o
    0x0001cb1c   0x00000080   Code   RO         1935    i.app_timer_start   app_timer.o
    0x0001cb9c   0x00000050   Code   RO         1936    i.app_timer_stop    app_timer.o
    0x0001cbec   0x00000034   Code   RO          806    i.app_uart_get      app_uart_fifo.o
    0x0001cc20   0x000000a4   Code   RO          807    i.app_uart_init     app_uart_fifo.o
    0x0001ccc4   0x0000002c   Code   RO          808    i.app_uart_put      app_uart_fifo.o
    0x0001ccf0   0x00000078   Code   RO         1151    i.apply_config      nrf_drv_uart.o
    0x0001cd68   0x00000068   Code   RO          458    i.ble_advdata_set   ble_advdata.o
    0x0001cdd0   0x0000011c   Code   RO          548    i.ble_advertising_init  ble_advertising.o
    0x0001ceec   0x00000080   Code   RO          549    i.ble_advertising_on_ble_evt  ble_advertising.o
    0x0001cf6c   0x00000010   Code   RO          552    i.ble_advertising_peer_address_clear  ble_advertising.o
    0x0001cf7c   0x000001d8   Code   RO          554    i.ble_advertising_start  ble_advertising.o
    0x0001d154   0x00000058   Code   RO          636    i.ble_conn_params_init  ble_conn_params.o
    0x0001d1ac   0x0000008c   Code   RO          637    i.ble_conn_params_on_ble_evt  ble_conn_params.o
    0x0001d238   0x0000005e   Code   RO          459    i.ble_device_addr_encode  ble_advdata.o
    0x0001d296   0x00000002   PAD
    0x0001d298   0x0000002c   Code   RO            6    i.ble_evt_dispatch  main.o
    0x0001d2c4   0x00000064   Code   RO          710    i.ble_nus_init      ble_nus.o
    0x0001d328   0x00000052   Code   RO          711    i.ble_nus_on_ble_evt  ble_nus.o
    0x0001d37a   0x0000004e   Code   RO          712    i.ble_nus_string_send  ble_nus.o
    0x0001d3c8   0x0000005c   Code   RO            7    i.ble_stack_init    main.o
    0x0001d424   0x00000070   Code   RO          416    i.bsp_btn_ble_on_ble_evt  bsp_btn_ble.o
    0x0001d494   0x00000012   Code   RO          417    i.bsp_btn_ble_sleep_mode_prepare  bsp_btn_ble.o
    0x0001d4a6   0x00000002   PAD
    0x0001d4a8   0x000000a8   Code   RO          298    i.bsp_button_event_handler  bsp.o
    0x0001d550   0x00000044   Code   RO          303    i.bsp_event_to_button_action_assign  bsp.o
    0x0001d594   0x00000018   Code   RO          304    i.bsp_indication_set  bsp.o
    0x0001d5ac   0x00000224   Code   RO          307    i.bsp_led_indication  bsp.o
    0x0001d7d0   0x0000003c   Code   RO          308    i.bsp_wakeup_buttons_set  bsp.o
    0x0001d80c   0x0000001c   Code   RO          952    i.channel_free      nrf_drv_gpiote.o
    0x0001d828   0x00000048   Code   RO          953    i.channel_port_alloc  nrf_drv_gpiote.o
    0x0001d870   0x00000010   Code   RO          954    i.channel_port_get  nrf_drv_gpiote.o
    0x0001d880   0x000000ac   Code   RO         1938    i.compare_reg_update  app_timer.o
    0x0001d92c   0x00000088   Code   RO          460    i.conn_int_encode   ble_advdata.o
    0x0001d9b4   0x00000004   Code   RO            9    i.conn_params_error_handler  main.o
    0x0001d9b8   0x0000005c   Code   RO          639    i.conn_params_negotiation  ble_conn_params.o
    0x0001da14   0x00000040   Code   RO         1939    i.elapsed_ticks_acquire  app_timer.o
    0x0001da54   0x00000014   Code   RO         1866    i.fifo_get          app_fifo.o
    0x0001da68   0x00000012   Code   RO         1867    i.fifo_put          app_fifo.o
    0x0001da7a   0x0000000e   Code   RO         2203    i.fputc             retarget.o
    0x0001da88   0x00000070   Code   RO         2241    i.intern_softdevice_events_execute  softdevice_handler.o
    0x0001daf8   0x0000001c   Code   RO          640    i.is_conn_params_ok  ble_conn_params.o
    0x0001db14   0x00000054   Code   RO          461    i.le_role_encode    ble_advdata.o
    0x0001db68   0x000000bc   Code   RO         1940    i.list_deletions_handler  app_timer.o
    0x0001dc24   0x000000cc   Code   RO         1941    i.list_insertions_handler  app_timer.o
    0x0001dcf0   0x000001cc   Code   RO           10    i.main              main.o
    0x0001debc   0x00000064   Code   RO          462    i.manuf_specific_data_encode  ble_advdata.o
    0x0001df20   0x0000009c   Code   RO          463    i.name_encode       ble_advdata.o
    0x0001dfbc   0x0000001a   Code   RO          886    i.nrf_delay_ms      nrf_delay.o
    0x0001dfd6   0x00000038   Code   RO          913    i.nrf_drv_common_irq_enable  nrf_drv_common.o
    0x0001e00e   0x00000002   PAD
    0x0001e010   0x000000a4   Code   RO          957    i.nrf_drv_gpiote_in_event_enable  nrf_drv_gpiote.o
    0x0001e0b4   0x000000b8   Code   RO          958    i.nrf_drv_gpiote_in_init  nrf_drv_gpiote.o
    0x0001e16c   0x00000054   Code   RO          961    i.nrf_drv_gpiote_init  nrf_drv_gpiote.o
    0x0001e1c0   0x00000094   Code   RO         1153    i.nrf_drv_uart_init  nrf_drv_uart.o
    0x0001e254   0x0000008c   Code   RO         1154    i.nrf_drv_uart_rx   nrf_drv_uart.o
    0x0001e2e0   0x00000020   Code   RO         1157    i.nrf_drv_uart_rx_enable  nrf_drv_uart.o
    0x0001e300   0x0000009c   Code   RO         1158    i.nrf_drv_uart_rx_for_uart  nrf_drv_uart.o
    0x0001e39c   0x00000090   Code   RO         1159    i.nrf_drv_uart_rx_for_uarte  nrf_drv_uart.o
    0x0001e42c   0x00000088   Code   RO         1160    i.nrf_drv_uart_tx   nrf_drv_uart.o
    0x0001e4b4   0x00000080   Code   RO         1162    i.nrf_drv_uart_tx_for_uart  nrf_drv_uart.o
    0x0001e534   0x00000022   Code   RO          974    i.nrf_gpio_cfg      nrf_drv_gpiote.o
    0x0001e556   0x00000022   Code   RO         1164    i.nrf_gpio_cfg      nrf_drv_uart.o
    0x0001e578   0x00000012   Code   RO         1166    i.nrf_gpio_cfg_input  nrf_drv_uart.o
    0x0001e58a   0x00000014   Code   RO         1167    i.nrf_gpio_cfg_output  nrf_drv_uart.o
    0x0001e59e   0x0000001c   Code   RO          976    i.nrf_gpio_cfg_sense_set  nrf_drv_gpiote.o
    0x0001e5ba   0x0000000a   Code   RO           11    i.nrf_gpio_pin_toggle  main.o
    0x0001e5c4   0x0000001c   Code   RO           12    i.nrf_gpio_pins_toggle  main.o
    0x0001e5e0   0x00000014   Code   RO          977    i.nrf_gpiote_event_clear  nrf_drv_gpiote.o
    0x0001e5f4   0x00000010   Code   RO          978    i.nrf_gpiote_event_is_set  nrf_drv_gpiote.o
    0x0001e604   0x0000000a   Code   RO         1168    i.nrf_uart_event_check  nrf_drv_uart.o
    0x0001e60e   0x0000000c   Code   RO         1169    i.nrf_uart_int_enable_check  nrf_drv_uart.o
    0x0001e61a   0x0000000a   Code   RO         1170    i.nrf_uarte_event_check  nrf_drv_uart.o
    0x0001e624   0x00000074   Code   RO           13    i.nus_data_handler  main.o
    0x0001e698   0x00000024   Code   RO           14    i.on_adv_evt        main.o
    0x0001e6bc   0x00000064   Code   RO           15    i.on_ble_evt        main.o
    0x0001e720   0x0000001c   Code   RO           16    i.on_conn_params_evt  main.o
    0x0001e73c   0x00000014   Code   RO          556    i.peer_address_exists  ble_advertising.o
    0x0001e750   0x00000018   Code   RO          979    i.pin_in_use_by_port  nrf_drv_gpiote.o
    0x0001e768   0x00000018   Code   RO          980    i.pin_in_use_by_te  nrf_drv_gpiote.o
    0x0001e780   0x00000048   Code   RO           17    i.pin_int_handler   main.o
    0x0001e7c8   0x00000024   Code   RO         1363    i.pstorage_access_status_get  pstorage.o
    0x0001e7ec   0x0000003c   Code   RO         1942    i.rtc1_stop         app_timer.o
    0x0001e828   0x00000030   Code   RO         1172    i.rx_byte           nrf_drv_uart.o
    0x0001e858   0x000000dc   Code   RO          713    i.rx_char_add       ble_nus.o
    0x0001e934   0x00000020   Code   RO         1173    i.rx_done_event     nrf_drv_uart.o
    0x0001e954   0x00000018   Code   RO         1174    i.rx_enable         nrf_drv_uart.o
    0x0001e96c   0x00000010   Code   RO         2242    i.sd_check_ram_start  softdevice_handler.o
    0x0001e97c   0x00000088   Code   RO          464    i.service_data_encode  ble_advdata.o
    0x0001ea04   0x00000028   Code   RO           18    i.sleep_mode_enter  main.o
    0x0001ea2c   0x00000014   Code   RO         2243    i.softdevice_ble_evt_handler_set  softdevice_handler.o
    0x0001ea40   0x00000014   Code   RO         2244    i.softdevice_enable  softdevice_handler.o
    0x0001ea54   0x00000026   Code   RO         2245    i.softdevice_enable_get_default_config  softdevice_handler.o
    0x0001ea7a   0x00000004   Code   RO         2246    i.softdevice_fault_handler  softdevice_handler.o
    0x0001ea7e   0x00000002   PAD
    0x0001ea80   0x00000030   Code   RO         2247    i.softdevice_handler_init  softdevice_handler.o
    0x0001eab0   0x0000008c   Code   RO         1943    i.timer_list_handler  app_timer.o
    0x0001eb3c   0x0000003c   Code   RO         1944    i.timer_list_insert  app_timer.o
    0x0001eb78   0x00000084   Code   RO         1945    i.timer_timeouts_check  app_timer.o
    0x0001ebfc   0x00000024   Code   RO         1175    i.tx_byte           nrf_drv_uart.o
    0x0001ec20   0x000000a0   Code   RO          714    i.tx_char_add       ble_nus.o
    0x0001ecc0   0x00000024   Code   RO         1176    i.tx_done_event     nrf_drv_uart.o
    0x0001ece4   0x0000005c   Code   RO           19    i.uart_event_handle  main.o
    0x0001ed40   0x000000a8   Code   RO          809    i.uart_event_handler  app_uart_fifo.o
    0x0001ede8   0x00000108   Code   RO         1177    i.uart_irq_handler  nrf_drv_uart.o
    0x0001eef0   0x000000d8   Code   RO         1178    i.uarte_irq_handler  nrf_drv_uart.o
    0x0001efc8   0x0000000a   Code   RO          465    i.uint16_encode     ble_advdata.o
    0x0001efd2   0x00000002   PAD
    0x0001efd4   0x00000060   Code   RO          641    i.update_timeout_handler  ble_conn_params.o
    0x0001f034   0x00000044   Code   RO         1946    i.user_id_get       app_timer.o
    0x0001f078   0x00000028   Code   RO         1947    i.user_op_alloc     app_timer.o
    0x0001f0a0   0x00000030   Code   RO          466    i.uuid_list_encode  ble_advdata.o
    0x0001f0d0   0x0000009e   Code   RO          467    i.uuid_list_sized_encode  ble_advdata.o
    0x0001f16e   0x0000000e   Code   RO          557    i.whitelist_has_entries  ble_advertising.o
    0x0001f17c   0x00000010   Data   RO           21    .constdata          main.o
    0x0001f18c   0x0000003c   Data   RO          315    .constdata          bsp.o
    0x0001f1c8   0x00000004   Data   RO          644    .constdata          ble_conn_params.o
    0x0001f1cc   0x00000010   Data   RO          715    .constdata          ble_nus.o
    0x0001f1dc   0x00000020   Data   RO          811    .constdata          app_uart_fifo.o
    0x0001f1fc   0x00000020   Data   RO         1180    .constdata          nrf_drv_uart.o
    0x0001f21c   0x00000020   Data   RO         2684    Region$$Table       anon$$obj.o


    Execution Region RW_IRAM1 (Base: 0x20001f00, Size: 0x00002820, Max: 0x00006100, ABSOLUTE)

    Base Addr    Size         Type   Attr      Idx    E Section Name        Object

    0x20001f00   0x00000008   Data   RW           22    .data               main.o
    0x20001f08   0x00000018   Data   RW          316    .data               bsp.o
    0x20001f20   0x00000008   Data   RW          418    .data               bsp_btn_ble.o
    0x20001f28   0x0000001f   Data   RW          559    .data               ble_advertising.o
    0x20001f47   0x00000001   PAD
    0x20001f48   0x00000014   Data   RW          645    .data               ble_conn_params.o
    0x20001f5c   0x00000008   Data   RW          812    .data               app_uart_fifo.o
    0x20001f64   0x00000024   Data   RW         1388    .data               pstorage.o
    0x20001f88   0x00000020   Data   RW         1948    .data               app_timer.o
    0x20001fa8   0x00000004   Data   RW         2204    .data               retarget.o
    0x20001fac   0x00000014   Data   RW         2251    .data               softdevice_handler.o
    0x20001fc0   0x00000004   Data   RW         2340    .data               system_nrf52.o
    0x20001fc4   0x00000440   Zero   RW           20    .bss                main.o
    0x20002404   0x00000020   Zero   RW          311    .bss                bsp.o
    0x20002424   0x00000020   Zero   RW          312    .bss                bsp.o
    0x20002444   0x0000000c   Zero   RW          313    .bss                bsp.o
    0x20002450   0x00000020   Zero   RW          314    .bss                bsp.o
    0x20002470   0x00000103   Zero   RW          558    .bss                ble_advertising.o
    0x20002573   0x00000001   PAD
    0x20002574   0x00000020   Zero   RW          642    .bss                ble_conn_params.o
    0x20002594   0x0000001c   Zero   RW          643    .bss                ble_conn_params.o
    0x200025b0   0x00000020   Zero   RW          810    .bss                app_uart_fifo.o
    0x200025d0   0x00000058   Zero   RW          981    .bss                nrf_drv_gpiote.o
    0x20002628   0x00000020   Zero   RW         1179    .bss                nrf_drv_uart.o
    0x20002648   0x000000d8   Zero   RW         1386    .bss                pstorage.o
    0x20002720   0x00002000   Zero   RW         2328    STACK               arm_startup_nrf52.o


==============================================================================

Image component sizes


      Code (inc. data)   RO Data    RW Data    ZI Data      Debug   Object Name

        56         10          0          0          0      29458   app_error.o
       118          0          0          0          0       4286   app_fifo.o
      1772        100          0         32          0      50787   app_timer.o
       428         44         32          8         32      10606   app_uart_fifo.o
        36         10       1024          0       8192        872   arm_startup_nrf52.o
      1540          0          0          0          0      19468   ble_advdata.o
       934         30          0         31        259       7544   ble_advertising.o
       444         56          4         20         60      13244   ble_conn_params.o
       640          6         16          0          0       5798   ble_nus.o
       868         64         60         24        108      10978   bsp.o
       184          6          0          8          0       3918   bsp_btn_ble.o
      1122        146         16          8       1088     117445   main.o
       144          0          0          0          0       1871   nrf_delay.o
        56          0          0          0          0      28827   nrf_drv_common.o
       954         82          0          0         88      22248   nrf_drv_gpiote.o
      1784        144         32          0         32      35363   nrf_drv_uart.o
        36          8          0         36        216      10329   pstorage.o
        14          0          0          4          0       2822   retarget.o
       294         38          0         20          0       9236   softdevice_handler.o
       604         42          0          4          0       2459   system_nrf52.o

    ----------------------------------------------------------------------
     12046        786       1216        196      10076     387559   Object Totals
         0          0         32          0          0          0   (incl. Generated)
        18          0          0          1          1          0   (incl. Padding)

    ----------------------------------------------------------------------

      Code (inc. data)   RO Data    RW Data    ZI Data      Debug   Library Member Name

         0          0          0          0          0          0   entry.o
         0          0          0          0          0          0   entry10a.o
         0          0          0          0          0          0   entry11a.o
         8          4          0          0          0          0   entry2.o
         4          0          0          0          0          0   entry5.o
         0          0          0          0          0          0   entry7b.o
         0          0          0          0          0          0   entry8b.o
         8          4          0          0          0          0   entry9a.o
        30          0          0          0          0          0   handlers.o
        36          8          0          0          0         68   init.o
         0          0          0          0          0          0   iusefp.o
        30          0          0          0          0         68   llshl.o
        36          0          0          0          0         68   llsshr.o
        32          0          0          0          0         68   llushr.o
        36          0          0          0          0         68   memcpya.o
        36          0          0          0          0        108   memseta.o
      2226         90          0          0          0        444   printfa.o
        44          0          0          0          0         80   uidiv.o
        98          0          0          0          0         92   uldiv.o
        48          0          0          0          0         68   cdrcmple.o
       334          0          0          0          0        148   dadd.o
       222          0          0          0          0        100   ddiv.o
       186          0          0          0          0        176   depilogue.o
        48          0          0          0          0         68   dfixul.o
       228          0          0          0          0         96   dmul.o

    ----------------------------------------------------------------------
      3694        106          0          0          0       1720   Library Totals
         4          0          0          0          0          0   (incl. Padding)

    ----------------------------------------------------------------------

      Code (inc. data)   RO Data    RW Data    ZI Data      Debug   Library Name

      2624        106          0          0          0       1064   mc_w.l
      1066          0          0          0          0        656   mf_w.l

    ----------------------------------------------------------------------
      3694        106          0          0          0       1720   Library Totals

    ----------------------------------------------------------------------

==============================================================================


      Code (inc. data)   RO Data    RW Data    ZI Data      Debug   

     15740        892       1216        196      10076     376199   Grand Totals
     15740        892       1216        196      10076     376199   ELF Image Totals
     15740        892       1216        196          0          0   ROM Totals

==============================================================================

    Total RO  Size (Code + RO Data)                16956 (  16.56kB)
    Total RW  Size (RW Data + ZI Data)             10272 (  10.03kB)
    Total ROM Size (Code + RO Data + RW Data)      17152 (  16.75kB)

==============================================================================

